Godot Engine v4.6.2.stable.official.71f334935 - https://godotengine.org

INVALID LINE 449
SCRIPT ERROR: Invalid access to property or key 'VISITORS' on a base object of type 'RefCounted (state.gd)'.
          at: valid (res://staff.gd:55)
          GDScript backtrace (most recent call first):
              [0] valid (res://staff.gd:55)
              [1] valid (res://state.gd:569)
              [2] _initialize (res://scripts/test_week.gd:152)
ERROR: sale cost is accepted history
   at: push_error (core/variant/variant_utility.cpp:1024)
   GDScript backtrace (most recent call first):
       [0] check (res://scripts/test_week.gd:7)
       [1] _initialize (res://scripts/test_week.gd:152)
INVALID LINE 449
SCRIPT ERROR: Invalid access to property or key 'VISITORS' on a base object of type 'RefCounted (state.gd)'.
          at: valid (res://staff.gd:55)
          GDScript backtrace (most recent call first):
              [0] valid (res://staff.gd:55)
              [1] valid (res://state.gd:569)
              [2] _initialize (res://scripts/test_week.gd:152)
ERROR: sale cost is accepted history
   at: push_error (core/variant/variant_utility.cpp:1024)
   GDScript backtrace (most recent call first):
       [0] check (res://scripts/test_week.gd:7)
       [1] _initialize (res://scripts/test_week.gd:152)
INVALID LINE 449
SCRIPT ERROR: Invalid access to property or key 'VISITORS' on a base object of type 'RefCounted (state.gd)'.
          at: valid (res://staff.gd:55)
          GDScript backtrace (most recent call first):
              [0] valid (res://staff.gd:55)
              [1] valid (res://state.gd:569)
              [2] _initialize (res://scripts/test_week.gd:152)
ERROR: sale cost is accepted history
   at: push_error (core/variant/variant_utility.cpp:1024)
   GDScript backtrace (most recent call first):
       [0] check (res://scripts/test_week.gd:7)
       [1] _initialize (res://scripts/test_week.gd:152)
INVALID LINE 449
SCRIPT ERROR: Invalid access to property or key 'VISITORS' on a base object of type 'RefCounted (state.gd)'.
          at: valid (res://staff.gd:55)
          GDScript backtrace (most recent call first):
              [0] valid (res://staff.gd:55)
              [1] valid (res://state.gd:569)
              [2] _initialize (res://scripts/test_week.gd:152)
ERROR: sale cost is accepted history
   at: push_error (core/variant/variant_utility.cpp:1024)
   GDScript backtrace (most recent call first):
       [0] check (res://scripts/test_week.gd:7)
       [1] _initialize (res://scripts/test_week.gd:152)
INVALID LINE 449
SCRIPT ERROR: Invalid access to property or key 'VISITORS' on a base object of type 'RefCounted (state.gd)'.
          at: valid (res://staff.gd:55)
          GDScript backtrace (most recent call first):
              [0] valid (res://staff.gd:55)
              [1] valid (res://state.gd:569)
              [2] _initialize (res://scripts/test_week.gd:152)
ERROR: sale cost is accepted history
   at: push_error (core/variant/variant_utility.cpp:1024)
   GDScript backtrace (most recent call first):
       [0] check (res://scripts/test_week.gd:7)
       [1] _initialize (res://scripts/test_week.gd:152)
INVALID LINE 449
INVALID LINE 411
INVALID LINE 595
INVALID LINE 574
SCRIPT ERROR: Invalid access to property or key 'VISITORS' on a base object of type 'RefCounted (state.gd)'.
          at: valid (res://staff.gd:55)
          GDScript backtrace (most recent call first):
              [0] valid (res://staff.gd:55)
              [1] valid (res://state.gd:569)
              [2] worked (res://scripts/test_week.gd:86)
              [3] _initialize (res://scripts/test_week.gd:158)
ERROR: buyer content invariant
   at: push_error (core/variant/variant_utility.cpp:1024)
   GDScript backtrace (most recent call first):
       [0] check (res://scripts/test_week.gd:7)
       [1] worked (res://scripts/test_week.gd:86)
       [2] _initialize (res://scripts/test_week.gd:158)
SCRIPT ERROR: Invalid access to property or key 'VISITORS' on a base object of type 'RefCounted (state.gd)'.
          at: valid (res://staff.gd:55)
          GDScript backtrace (most recent call first):
              [0] valid (res://staff.gd:55)
              [1] valid (res://state.gd:569)
              [2] worked (res://scripts/test_week.gd:86)
              [3] _initialize (res://scripts/test_week.gd:158)
ERROR: buyer content invariant
   at: push_error (core/variant/variant_utility.cpp:1024)
   GDScript backtrace (most recent call first):
       [0] check (res://scripts/test_week.gd:7)
       [1] worked (res://scripts/test_week.gd:86)
       [2] _initialize (res://scripts/test_week.gd:158)
SCRIPT ERROR: Invalid access to property or key 'VISITORS' on a base object of type 'RefCounted (state.gd)'.
          at: valid (res://staff.gd:55)
          GDScript backtrace (most recent call first):
              [0] valid (res://staff.gd:55)
              [1] valid (res://state.gd:569)
              [2] worked (res://scripts/test_week.gd:86)
              [3] _initialize (res://scripts/test_week.gd:158)
ERROR: buyer content invariant
   at: push_error (core/variant/variant_utility.cpp:1024)
   GDScript backtrace (most recent call first):
       [0] check (res://scripts/test_week.gd:7)
       [1] worked (res://scripts/test_week.gd:86)
       [2] _initialize (res://scripts/test_week.gd:158)
SCRIPT ERROR: Invalid access to property or key 'VISITORS' on a base object of type 'RefCounted (state.gd)'.
          at: valid (res://staff.gd:55)
          GDScript backtrace (most recent call first):
              [0] valid (res://staff.gd:55)
              [1] valid (res://state.gd:569)
              [2] finish (res://scripts/test_week.gd:23)
              [3] worked (res://scripts/test_week.gd:87)
              [4] _initialize (res://scripts/test_week.gd:158)
ERROR: drain and settle day 1
   at: push_error (core/variant/variant_utility.cpp:1024)
   GDScript backtrace (most recent call first):
       [0] check (res://scripts/test_week.gd:7)
       [1] finish (res://scripts/test_week.gd:23)
       [2] worked (res://scripts/test_week.gd:87)
       [3] _initialize (res://scripts/test_week.gd:158)
SCRIPT ERROR: Invalid access to property or key 'VISITORS' on a base object of type 'RefCounted (state.gd)'.
          at: valid (res://staff.gd:55)
          GDScript backtrace (most recent call first):
              [0] valid (res://staff.gd:55)
              [1] valid (res://state.gd:569)
              [2] rt (res://scripts/test_week.gd:13)
              [3] worked (res://scripts/test_week.gd:87)
              [4] _initialize (res://scripts/test_week.gd:158)
ERROR: valid before save report-1false
   at: push_error (core/variant/variant_utility.cpp:1024)
   GDScript backtrace (most recent call first):
       [0] check (res://scripts/test_week.gd:7)
       [1] rt (res://scripts/test_week.gd:13)
       [2] worked (res://scripts/test_week.gd:87)
       [3] _initialize (res://scripts/test_week.gd:158)
SCRIPT ERROR: Invalid access to property or key 'VISITORS' on a base object of type 'RefCounted (state.gd)'.
          at: valid (res://staff.gd:55)
          GDScript backtrace (most recent call first):
              [0] valid (res://staff.gd:55)
              [1] valid (res://state.gd:569)
              [2] save_to (res://state.gd:571)
              [3] rt (res://scripts/test_week.gd:14)
              [4] worked (res://scripts/test_week.gd:87)
              [5] _initialize (res://scripts/test_week.gd:158)
INVALID LINE 571
ERROR: save and resume report-1false
   at: push_error (core/variant/variant_utility.cpp:1024)
   GDScript backtrace (most recent call first):
       [0] check (res://scripts/test_week.gd:7)
       [1] rt (res://scripts/test_week.gd:14)
       [2] worked (res://scripts/test_week.gd:87)
       [3] _initialize (res://scripts/test_week.gd:158)
ERROR: advance once
   at: push_error (core/variant/variant_utility.cpp:1024)
   GDScript backtrace (most recent call first):
       [0] check (res://scripts/test_week.gd:7)
       [1] worked (res://scripts/test_week.gd:89)
       [2] _initialize (res://scripts/test_week.gd:158)
ERROR: worked open
   at: push_error (core/variant/variant_utility.cpp:1024)
   GDScript backtrace (most recent call first):
       [0] check (res://scripts/test_week.gd:7)
       [1] worked (res://scripts/test_week.gd:74)
       [2] _initialize (res://scripts/test_week.gd:158)
SCRIPT ERROR: Invalid access to property or key 'id' on a base object of type 'Dictionary'.
          at: intake (res://scripts/test_week.gd:29)
          GDScript backtrace (most recent call first):
              [0] intake (res://scripts/test_week.gd:29)
              [1] worked (res://scripts/test_week.gd:76)
              [2] _initialize (res://scripts/test_week.gd:158)
SCRIPT ERROR: Invalid access to property or key 'id' on a base object of type 'Dictionary'.
          at: offer (res://scripts/test_week.gd:31)
          GDScript backtrace (most recent call first):
              [0] offer (res://scripts/test_week.gd:31)
              [1] worked (res://scripts/test_week.gd:79)
              [2] _initialize (res://scripts/test_week.gd:158)
SCRIPT ERROR: Invalid access to property or key 'floor' on a base object of type 'Nil'.
          at: worked (res://scripts/test_week.gd:79)
          GDScript backtrace (most recent call first):
              [0] worked (res://scripts/test_week.gd:79)
              [1] _initialize (res://scripts/test_week.gd:158)
B1_ROUTE true [{"cash":34000,"day":1,"report":{"cash":34000,"cost_of_sales":0,"incurred_overhead":0,"inventory_cost":20000,"inventory_purchases":15000,"investment":6000,"margin":0,"opening_cash":55000,"operating_result":0,"paid_overhead":0,"receipts":0,"unpaid_liabilities":0},"sales":0},{"cash":19000,"day":2,"report":{"cash":19000,"cost_of_sales":0,"incurred_overhead":0,"inventory_cost":35000,"inventory_purchases":15000,"investment":0,"margin":0,"opening_cash":34000,"operating_result":0,"paid_overhead":0,"receipts":0,"unpaid_liabilities":0},"sales":0},{"cash":16600,"day":3,"report":{"cash":16600,"cost_of_sales":0,"incurred_overhead":2400,"inventory_cost":35000,"inventory_purchases":0,"investment":0,"margin":0,"opening_cash":19000,"operating_result":-2400,"paid_overhead":2400,"receipts":0,"unpaid_liabilities":0},"sales":0},{"cash":14200,"day":4,"report":{"cash":14200,"cost_of_sales":0,"incurred_overhead":2400,"inventory_cost":35000,"inventory_purchases":0,"investment":0,"margin":0,"opening_cash":16600,"operating_result":-2400,"paid_overhead":2400,"receipts":0,"unpaid_liabilities":0},"sales":0},{"cash":11800,"day":5,"report":{"cash":11800,"cost_of_sales":0,"incurred_overhead":2400,"inventory_cost":35000,"inventory_purchases":0,"investment":0,"margin":0,"opening_cash":14200,"operating_result":-2400,"paid_overhead":2400,"receipts":0,"unpaid_liabilities":0},"sales":0},{"cash":9400,"day":6,"report":{"cash":9400,"cost_of_sales":0,"incurred_overhead":2400,"inventory_cost":35000,"inventory_purchases":0,"investment":0,"margin":0,"opening_cash":11800,"operating_result":-2400,"paid_overhead":2400,"receipts":0,"unpaid_liabilities":0},"sales":0},{"cash":7000,"day":7,"report":{"cash":7000,"cost_of_sales":0,"incurred_overhead":17400,"inventory_cost":35000,"inventory_purchases":0,"investment":0,"margin":0,"opening_cash":9400,"operating_result":-17400,"paid_overhead":2400,"receipts":0,"unpaid_liabilities":15000},"sales":0}]
B6_STATE 410 checks
