Godot Engine v4.6.2.stable.official.71f334935 - https://godotengine.org

R1_DISPLAY {"canvas_scale":"(1.0, 1.0)","screen_scale":1.0,"viewport":"(1280.0, 720.0)","window":"(0, 0)"}
R1_ACTION {"action":"open","ok":true,"phase":"open","report":{"cash":49000,"cost":0,"investment":6000,"margin":0,"missed":0,"remaining":6,"revenue":0,"sold":0,"unavailable":0}}
R1_ACTION {"action":"inspect","ok":true,"phase":"open","report":{"cash":49000,"cost":0,"investment":6000,"margin":0,"missed":0,"remaining":6,"revenue":0,"sold":0,"unavailable":3}}
R1_ACTION {"action":"close","ok":true,"phase":"closing","report":{"cash":48500,"cost":0,"investment":6000,"margin":0,"missed":0,"remaining":7,"revenue":0,"sold":0,"unavailable":7}}
R1_ACTION {"action":"finalize","ok":true,"phase":"report","report":{"cash":48500,"cost":0,"investment":6000,"margin":0,"missed":0,"remaining":7,"revenue":0,"sold":0,"unavailable":7}}
R1_ACTION {"action":"save","ok":true,"phase":"prep","report":{"cash":45900,"cost":0,"investment":6000,"margin":0,"missed":0,"remaining":7,"revenue":0,"sold":0,"unavailable":0}}
R1_ACTION {"action":"load","ok":true,"phase":"prep","report":{"cash":45900,"cost":0,"investment":6000,"margin":0,"missed":0,"remaining":7,"revenue":0,"sold":0,"unavailable":0}}
R1_ACTION {"action":"receive","ok":true,"phase":"prep","report":{"cash":45900,"cost":0,"investment":6000,"margin":0,"missed":0,"remaining":9,"revenue":0,"sold":0,"unavailable":0}}
R1_ACTION {"action":"reprice","ok":true,"phase":"prep","report":{"cash":45900,"cost":0,"investment":6000,"margin":0,"missed":0,"remaining":9,"revenue":0,"sold":0,"unavailable":0}}
R1_ACTION {"action":"reprice","ok":true,"phase":"prep","report":{"cash":45900,"cost":0,"investment":6000,"margin":0,"missed":0,"remaining":9,"revenue":0,"sold":0,"unavailable":0}}
R1_ACTION {"action":"reprice","ok":true,"phase":"prep","report":{"cash":45900,"cost":0,"investment":6000,"margin":0,"missed":0,"remaining":9,"revenue":0,"sold":0,"unavailable":0}}
R1_ACTION {"action":"reprice","ok":true,"phase":"prep","report":{"cash":45900,"cost":0,"investment":6000,"margin":0,"missed":0,"remaining":9,"revenue":0,"sold":0,"unavailable":0}}
R1_ACTION {"action":"reprice","ok":true,"phase":"prep","report":{"cash":45900,"cost":0,"investment":6000,"margin":0,"missed":0,"remaining":9,"revenue":0,"sold":0,"unavailable":0}}
R1_ACTION {"action":"copy_price","ok":true,"phase":"prep","report":{"cash":45900,"cost":0,"investment":6000,"margin":0,"missed":0,"remaining":9,"revenue":0,"sold":0,"unavailable":0}}
R1_ACTION {"action":"stock","ok":true,"phase":"prep","report":{"cash":45900,"cost":0,"investment":6000,"margin":0,"missed":0,"remaining":9,"revenue":0,"sold":0,"unavailable":0}}
R1_ACTION {"action":"return","ok":true,"phase":"prep","report":{"cash":45900,"cost":0,"investment":6000,"margin":0,"missed":0,"remaining":9,"revenue":0,"sold":0,"unavailable":0}}
R1_ACTION {"action":"stock","ok":true,"phase":"prep","report":{"cash":45900,"cost":0,"investment":6000,"margin":0,"missed":0,"remaining":9,"revenue":0,"sold":0,"unavailable":0}}
R1_ACTION {"action":"open","ok":true,"phase":"open","report":{"cash":45900,"cost":0,"investment":6000,"margin":0,"missed":0,"remaining":9,"revenue":0,"sold":0,"unavailable":0}}
R1_ACTION {"action":"inspect","ok":true,"phase":"open","report":{"cash":50500,"cost":2000,"investment":6000,"margin":2600,"missed":0,"remaining":7,"revenue":4600,"sold":2,"unavailable":0}}
R1_ACTION {"action":"sale","ok":true,"phase":"open","report":{"cash":54300,"cost":4100,"investment":6000,"margin":4900,"missed":0,"remaining":6,"revenue":9000,"sold":4,"unavailable":0}}
R1_ACTION {"action":"sale","ok":true,"phase":"open","report":{"cash":56700,"cost":5100,"investment":6000,"margin":6300,"missed":0,"remaining":5,"revenue":11400,"sold":5,"unavailable":0}}
R1_ACTION {"action":"sale","ok":true,"phase":"open","report":{"cash":57900,"cost":5600,"investment":6000,"margin":7000,"missed":1,"remaining":4,"revenue":12600,"sold":6,"unavailable":0}}
ERROR: action route finishes
   at: push_error (core/variant/variant_utility.cpp:1024)
   GDScript backtrace (most recent call first):
       [0] check (res://scripts/test_week_scene.gd:12)
       [1] settle (res://scripts/test_encounter.gd:22)
WARNING: ObjectDB instances leaked at exit (run with --verbose for details).
     at: cleanup (core/object/object.cpp:2641)
ERROR: 7 resources still in use at exit (run with --verbose for details).
   at: clear (core/io/resource.cpp:810)
