"/Applications/krita.app/Contents/PlugIns/krita-preview.appex/Contents/MacOS/krita-preview" has no json!
"/Applications/krita.app/Contents/PlugIns/krita-thumbnailer.appex/Contents/MacOS/krita-thumbnailer" has no json!
running: "krita_retail" "run"
()
krita.db.migration: Completed DB update step: "Create table version_information"
krita.db.migration: Completed DB update step: "Create table storage_types"
krita.db.migration: Completed DB update step: "Create table resource_types"
krita.db.migration: Completed DB update step: "Create table storages"
krita.db.migration: Completed DB update step: "Create table tags"
krita.db.migration: Completed DB update step: "Create table resources"
krita.db.migration: Completed DB update step: "Create table versioned_resources"
krita.db.migration: Completed DB update step: "Create table resource_tags"
krita.db.migration: Completed DB update step: "Create table metadata"
krita.db.migration: Completed DB update step: "Create table tags_storages"
krita.db.migration: Completed DB update step: "Create table tag_translations"
krita.db.migration: Completed DB update step: "Update metadata table constraints"
krita.db.migration: Completed DB update step: "Create index for storages"
krita.db.migration: Completed DB update step: "Create index for versioned_resources"
krita.db.migration: Completed DB update step: "Create index for tags"
krita.db.migration: Completed DB update step: "Create index for resources"
krita.db.migration: Completed DB update step: "Create index for tag_translations"
krita.db.migration: Completed DB update step: "Create index for resource_tags"
krita.db.migration: Completed DB update step: "Create index for resources_signature"
krita.db.migration: Completed DB update step: "Create index for metadata_key"
krita.db.migration: Completed DB update step: "Register storage type: Unknown"
krita.db.migration: Completed DB update step: "Register storage type: Folder"
krita.db.migration: Completed DB update step: "Register storage type: Bundle"
krita.db.migration: Completed DB update step: "Register storage type: Adobe Brush Library"
krita.db.migration: Completed DB update step: "Register storage type: Adobe Style Library"
krita.db.migration: Completed DB update step: "Register storage type: Memory"
krita.db.migration: Completed DB update step: "Register storage type: Font Storage"
krita.db.migration: Completed DB update step: "Register resource type: brushes"
krita.db.migration: Completed DB update step: "Register resource type: css_styles"
krita.db.migration: Completed DB update step: "Register resource type: fontfamilies"
krita.db.migration: Completed DB update step: "Register resource type: gamutmasks"
krita.db.migration: Completed DB update step: "Register resource type: gradients"
krita.db.migration: Completed DB update step: "Register resource type: layerstyles"
krita.db.migration: Completed DB update step: "Register resource type: paintoppresets"
krita.db.migration: Completed DB update step: "Register resource type: palettes"
krita.db.migration: Completed DB update step: "Register resource type: patterns"
krita.db.migration: Completed DB update step: "Register resource type: seexpr_scripts"
krita.db.migration: Completed DB update step: "Register resource type: sessions"
krita.db.migration: Completed DB update step: "Register resource type: symbols"
krita.db.migration: Completed DB update step: "Register resource type: windowlayouts"
krita.db.migration: Completed DB update step: "Register resource type: workspaces"
krita.db.migration: Filled version table
Fontconfig error: Cannot load default config file: No such file: (null)
krita.lib.flake: Failed loading the Fontconfig configuration
Fontconfig error: Cannot load default config file: No such file: (null)
Invalid profile :  "/Library/ColorSync/Profiles//WebSafeColors.icc"
kf.i18n: Trying to convert empty KLocalizedString to QString.
kf.i18n: Trying to convert empty KLocalizedString to QString.
kf.i18n: Trying to convert empty KLocalizedString to QString.
kf.i18n: Trying to convert empty KLocalizedString to QString.
kf.i18n: Trying to convert empty KLocalizedString to QString.
kf.i18n: Trying to convert empty KLocalizedString to QString.
kf.i18n: Trying to convert empty KLocalizedString to QString.
kf.i18n: Trying to convert empty KLocalizedString to QString.
kf.i18n: Trying to convert empty KLocalizedString to QString.
kf.i18n: Trying to convert empty KLocalizedString to QString.
kf.i18n: Trying to convert empty KLocalizedString to QString.
kf.i18n: Trying to convert empty KLocalizedString to QString.
kf.i18n: Trying to convert empty KLocalizedString to QString.
kf.i18n: Trying to convert empty KLocalizedString to QString.
kf.i18n: Trying to convert empty KLocalizedString to QString.
kf.i18n: Trying to convert empty KLocalizedString to QString.
kf.i18n: Trying to convert empty KLocalizedString to QString.
kf.i18n: Trying to convert empty KLocalizedString to QString.
kf.i18n: Trying to convert empty KLocalizedString to QString.
kf.i18n: Trying to convert empty KLocalizedString to QString.
kf.i18n: Trying to convert empty KLocalizedString to QString.
kf.i18n: Trying to convert empty KLocalizedString to QString.
kf.i18n: Trying to convert empty KLocalizedString to QString.
kf.i18n: Trying to convert empty KLocalizedString to QString.
kf.i18n: Trying to convert empty KLocalizedString to QString.
kf.i18n: Trying to convert empty KLocalizedString to QString.
kf.i18n: Trying to convert empty KLocalizedString to QString.
kf.i18n: Trying to convert empty KLocalizedString to QString.
kf.i18n: Trying to convert empty KLocalizedString to QString.
kf.i18n: Trying to convert empty KLocalizedString to QString.
kf.i18n: Trying to convert empty KLocalizedString to QString.
kf.i18n: Trying to convert empty KLocalizedString to QString.
kf.i18n: Trying to convert empty KLocalizedString to QString.
kf.i18n: Trying to convert empty KLocalizedString to QString.
kf.i18n: Trying to convert empty KLocalizedString to QString.
kf.i18n: Trying to convert empty KLocalizedString to QString.
kf.i18n: Trying to convert empty KLocalizedString to QString.
kf.i18n: Trying to convert empty KLocalizedString to QString.
kf.i18n: Trying to convert empty KLocalizedString to QString.
kf.i18n: Trying to convert empty KLocalizedString to QString.
kf.i18n: Trying to convert empty KLocalizedString to QString.
kf.i18n: Trying to convert empty KLocalizedString to QString.
kf.i18n: Trying to convert empty KLocalizedString to QString.
kf.i18n: Trying to convert empty KLocalizedString to QString.
kf.i18n: Trying to convert empty KLocalizedString to QString.
kf.i18n: Trying to convert empty KLocalizedString to QString.
kf.i18n: Trying to convert empty KLocalizedString to QString.
kf.i18n: Trying to convert empty KLocalizedString to QString.
kf.i18n: Trying to convert empty KLocalizedString to QString.
kf.i18n: Trying to convert empty KLocalizedString to QString.
kf.i18n: Trying to convert empty KLocalizedString to QString.
kf.i18n: Trying to convert empty KLocalizedString to QString.
kf.i18n: Trying to convert empty KLocalizedString to QString.
kf.i18n: Trying to convert empty KLocalizedString to QString.
kf.i18n: Trying to convert empty KLocalizedString to QString.
kf.i18n: Trying to convert empty KLocalizedString to QString.
kf.i18n: Trying to convert empty KLocalizedString to QString.
kf.i18n: Trying to convert empty KLocalizedString to QString.
kf.i18n: Trying to convert empty KLocalizedString to QString.
kf.i18n: Trying to convert empty KLocalizedString to QString.
kf.i18n: Trying to convert empty KLocalizedString to QString.
kf.i18n: Trying to convert empty KLocalizedString to QString.
kf.i18n: Trying to convert empty KLocalizedString to QString.
kf.i18n: Trying to convert empty KLocalizedString to QString.
kf.i18n: Trying to convert empty KLocalizedString to QString.
kf.i18n: Trying to convert empty KLocalizedString to QString.
kf.i18n: Trying to convert empty KLocalizedString to QString.
kf.i18n: Trying to convert empty KLocalizedString to QString.
kf.i18n: Trying to convert empty KLocalizedString to QString.
kf.i18n: Trying to convert empty KLocalizedString to QString.
kf.i18n: Trying to convert empty KLocalizedString to QString.
kf.i18n: Trying to convert empty KLocalizedString to QString.
kf.i18n: Trying to convert empty KLocalizedString to QString.
kf.i18n: Trying to convert empty KLocalizedString to QString.
kf.i18n: Trying to convert empty KLocalizedString to QString.
kf.i18n: Trying to convert empty KLocalizedString to QString.
kf.i18n: Trying to convert empty KLocalizedString to QString.
	Python path: "/Users/michaelfuscoletti/Desktop/game-sim/samples/b-retail-v4/scripts"
Creating engine
Try to import the pykrita module
/Applications/krita.app/Contents/lib/krita-python-libs/krita added to PYTHONPATH
krita.scripting: "Traceback (most recent call last):"
krita.scripting: "  File \"/Applications/krita.app/Contents/lib/krita-python-libs/krita/__init__.py\", line 38, in importAvoidWrongPyQtHack"
krita.scripting: "    return import_real(name, globals, locals, fromlist, level)"
krita.scripting: "ModuleNotFoundError: No module named 'krita_retail'"
krita.scripting: "Could not import krita_retail"
krita.scripting: Could not get item string krita_retail run
krita.scripting: Failed to resolve krita_retail run
