Godot Engine v4.6.2.stable.official.71f334935 - https://godotengine.org
OpenGL API 4.1 Metal - 91.7 - Compatibility - Using Device: Apple - Apple M3 Pro

R1_DISPLAY {"canvas_scale":"(1.0, 1.0)","screen_scale":2.0,"viewport":"(1280.0, 720.0)","window":"(1280, 720)"}
R1_ACTION {"action":"receive","ok":true,"phase":"prep","report":{"cash":55000,"cost":0,"investment":0,"margin":0,"missed":0,"remaining":6,"revenue":0,"sold":0,"unavailable":0}}
R1_ACTION {"action":"reprice","ok":true,"phase":"prep","report":{"cash":49000,"cost":0,"investment":6000,"margin":0,"missed":0,"remaining":6,"revenue":0,"sold":0,"unavailable":0}}
R1_ACTION {"action":"reprice","ok":true,"phase":"prep","report":{"cash":49000,"cost":0,"investment":6000,"margin":0,"missed":0,"remaining":6,"revenue":0,"sold":0,"unavailable":0}}
R1_ACTION {"action":"reprice","ok":true,"phase":"prep","report":{"cash":49000,"cost":0,"investment":6000,"margin":0,"missed":0,"remaining":6,"revenue":0,"sold":0,"unavailable":0}}
R1_ACTION {"action":"stock","ok":true,"phase":"prep","report":{"cash":49000,"cost":0,"investment":6000,"margin":0,"missed":0,"remaining":6,"revenue":0,"sold":0,"unavailable":0}}
R1_ACTION {"action":"stock","ok":true,"phase":"prep","report":{"cash":49000,"cost":0,"investment":6000,"margin":0,"missed":0,"remaining":6,"revenue":0,"sold":0,"unavailable":0}}
R1_ACTION {"action":"stock","ok":true,"phase":"prep","report":{"cash":49000,"cost":0,"investment":6000,"margin":0,"missed":0,"remaining":6,"revenue":0,"sold":0,"unavailable":0}}
R1_ACTION {"action":"stock","ok":true,"phase":"prep","report":{"cash":49000,"cost":0,"investment":6000,"margin":0,"missed":0,"remaining":6,"revenue":0,"sold":0,"unavailable":0}}
R1_ACTION {"action":"stock","ok":true,"phase":"prep","report":{"cash":49000,"cost":0,"investment":6000,"margin":0,"missed":0,"remaining":6,"revenue":0,"sold":0,"unavailable":0}}
R1_ACTION {"action":"stock","ok":true,"phase":"prep","report":{"cash":49000,"cost":0,"investment":6000,"margin":0,"missed":0,"remaining":6,"revenue":0,"sold":0,"unavailable":0}}
R1_ACTION {"action":"open","ok":true,"phase":"open","report":{"cash":49000,"cost":0,"investment":6000,"margin":0,"missed":0,"remaining":6,"revenue":0,"sold":0,"unavailable":0}}
R1_ACTION {"action":"sale","ok":true,"phase":"open","report":{"cash":50800,"cost":800,"investment":6000,"margin":1000,"missed":0,"remaining":5,"revenue":1800,"sold":1,"unavailable":0}}
R1_ACTION {"action":"sale","ok":true,"phase":"open","report":{"cash":53140,"cost":2000,"investment":6000,"margin":2140,"missed":0,"remaining":4,"revenue":4140,"sold":2,"unavailable":0}}
R1_ACTION {"action":"sale","ok":true,"phase":"open","report":{"cash":54400,"cost":2500,"investment":6000,"margin":2900,"missed":0,"remaining":3,"revenue":5400,"sold":3,"unavailable":0}}
R1_ACTION {"action":"close","ok":true,"phase":"closing","report":{"cash":54400,"cost":2500,"investment":6000,"margin":2900,"missed":0,"remaining":3,"revenue":5400,"sold":3,"unavailable":0}}
R1_ACTION {"action":"finalize","ok":true,"phase":"report","report":{"cash":54400,"cost":2500,"investment":6000,"margin":2900,"missed":0,"remaining":3,"revenue":5400,"sold":3,"unavailable":0}}
R1_ACTION {"action":"load","ok":true,"phase":"prep","report":{"cash":53200,"cost":0,"investment":6000,"margin":0,"missed":0,"remaining":3,"revenue":0,"sold":0,"unavailable":0}}
R1_ACTION {"action":"receive","ok":true,"phase":"prep","report":{"cash":53200,"cost":0,"investment":6000,"margin":0,"missed":0,"remaining":4,"revenue":0,"sold":0,"unavailable":0}}
R1_ACTION {"action":"reprice","ok":true,"phase":"prep","report":{"cash":53200,"cost":0,"investment":6000,"margin":0,"missed":0,"remaining":4,"revenue":0,"sold":0,"unavailable":0}}
R1_ACTION {"action":"stock","ok":true,"phase":"prep","report":{"cash":53200,"cost":0,"investment":6000,"margin":0,"missed":0,"remaining":4,"revenue":0,"sold":0,"unavailable":0}}
R1_ACTION {"action":"open","ok":true,"phase":"open","report":{"cash":53200,"cost":0,"investment":6000,"margin":0,"missed":0,"remaining":4,"revenue":0,"sold":0,"unavailable":0}}
R1_ACTION {"action":"sale","ok":true,"phase":"open","report":{"cash":55000,"cost":800,"investment":6000,"margin":1000,"missed":0,"remaining":3,"revenue":1800,"sold":1,"unavailable":0}}
R1_ACTION {"action":"sale","ok":true,"phase":"open","report":{"cash":57340,"cost":2000,"investment":6000,"margin":2140,"missed":0,"remaining":2,"revenue":4140,"sold":2,"unavailable":0}}
R1_ACTION {"action":"inspect","ok":true,"phase":"open","report":{"cash":57340,"cost":2000,"investment":6000,"margin":2140,"missed":0,"remaining":2,"revenue":4140,"sold":2,"unavailable":0}}
R1_ACTION {"action":"sale","ok":true,"phase":"open","report":{"cash":58600,"cost":2500,"investment":6000,"margin":2900,"missed":0,"remaining":1,"revenue":5400,"sold":3,"unavailable":0}}
R1_ACTION {"action":"sale","ok":true,"phase":"open","report":{"cash":60940,"cost":3700,"investment":6000,"margin":4040,"missed":0,"remaining":0,"revenue":7740,"sold":4,"unavailable":0}}
R1_ACTION {"action":"close","ok":true,"phase":"closing","report":{"cash":60940,"cost":3700,"investment":6000,"margin":4040,"missed":0,"remaining":0,"revenue":7740,"sold":4,"unavailable":0}}
R1_ACTION {"action":"finalize","ok":true,"phase":"report","report":{"cash":60940,"cost":3700,"investment":6000,"margin":4040,"missed":0,"remaining":0,"revenue":7740,"sold":4,"unavailable":0}}
R1_ACTION {"action":"load","ok":true,"phase":"prep","report":{"cash":57140,"cost":0,"investment":6000,"margin":0,"missed":0,"remaining":0,"revenue":0,"sold":0,"unavailable":0}}
R1_ACTION {"action":"receive","ok":true,"phase":"prep","report":{"cash":57140,"cost":0,"investment":6000,"margin":0,"missed":0,"remaining":5,"revenue":0,"sold":0,"unavailable":0}}
R1_ACTION {"action":"reprice","ok":true,"phase":"prep","report":{"cash":57140,"cost":0,"investment":6000,"margin":0,"missed":0,"remaining":5,"revenue":0,"sold":0,"unavailable":0}}
R1_ACTION {"action":"reprice","ok":true,"phase":"prep","report":{"cash":57140,"cost":0,"investment":6000,"margin":0,"missed":0,"remaining":5,"revenue":0,"sold":0,"unavailable":0}}
R1_ACTION {"action":"reprice","ok":true,"phase":"prep","report":{"cash":57140,"cost":0,"investment":6000,"margin":0,"missed":0,"remaining":5,"revenue":0,"sold":0,"unavailable":0}}
R1_ACTION {"action":"stock","ok":true,"phase":"prep","report":{"cash":57140,"cost":0,"investment":6000,"margin":0,"missed":0,"remaining":5,"revenue":0,"sold":0,"unavailable":0}}
R1_ACTION {"action":"stock","ok":true,"phase":"prep","report":{"cash":57140,"cost":0,"investment":6000,"margin":0,"missed":0,"remaining":5,"revenue":0,"sold":0,"unavailable":0}}
R1_ACTION {"action":"stock","ok":true,"phase":"prep","report":{"cash":57140,"cost":0,"investment":6000,"margin":0,"missed":0,"remaining":5,"revenue":0,"sold":0,"unavailable":0}}
R1_ACTION {"action":"stock","ok":true,"phase":"prep","report":{"cash":57140,"cost":0,"investment":6000,"margin":0,"missed":0,"remaining":5,"revenue":0,"sold":0,"unavailable":0}}
R1_ACTION {"action":"stock","ok":true,"phase":"prep","report":{"cash":57140,"cost":0,"investment":6000,"margin":0,"missed":0,"remaining":5,"revenue":0,"sold":0,"unavailable":0}}
R1_ACTION {"action":"open","ok":true,"phase":"open","report":{"cash":57140,"cost":0,"investment":6000,"margin":0,"missed":0,"remaining":5,"revenue":0,"sold":0,"unavailable":0}}
R1_ACTION {"action":"sale","ok":true,"phase":"open","report":{"cash":58940,"cost":800,"investment":6000,"margin":1000,"missed":0,"remaining":4,"revenue":1800,"sold":1,"unavailable":0}}
R1_ACTION {"action":"sale","ok":true,"phase":"open","report":{"cash":61280,"cost":2000,"investment":6000,"margin":2140,"missed":0,"remaining":3,"revenue":4140,"sold":2,"unavailable":0}}
R1_ACTION {"action":"inspect","ok":true,"phase":"open","report":{"cash":61280,"cost":2000,"investment":6000,"margin":2140,"missed":0,"remaining":3,"revenue":4140,"sold":2,"unavailable":0}}
R1_ACTION {"action":"sale","ok":true,"phase":"open","report":{"cash":62540,"cost":2500,"investment":6000,"margin":2900,"missed":0,"remaining":2,"revenue":5400,"sold":3,"unavailable":0}}
R1_ACTION {"action":"sale","ok":true,"phase":"open","report":{"cash":64340,"cost":3300,"investment":6000,"margin":3900,"missed":0,"remaining":1,"revenue":7200,"sold":4,"unavailable":0}}
R1_ACTION {"action":"sale","ok":true,"phase":"open","report":{"cash":65600,"cost":3800,"investment":6000,"margin":4660,"missed":0,"remaining":0,"revenue":8460,"sold":5,"unavailable":0}}
R1_ACTION {"action":"close","ok":true,"phase":"closing","report":{"cash":65600,"cost":3800,"investment":6000,"margin":4660,"missed":0,"remaining":0,"revenue":8460,"sold":5,"unavailable":0}}
R1_ACTION {"action":"finalize","ok":true,"phase":"report","report":{"cash":65600,"cost":3800,"investment":6000,"margin":4660,"missed":0,"remaining":0,"revenue":8460,"sold":5,"unavailable":0}}
R1_ACTION {"action":"load","ok":true,"phase":"report","report":{"cash":65600,"cost":3800,"investment":6000,"margin":4660,"missed":0,"remaining":0,"revenue":8460,"sold":5,"unavailable":0}}
R1_ACTION {"action":"load","ok":true,"phase":"prep","report":{"cash":59800,"cost":0,"investment":6000,"margin":0,"missed":0,"remaining":0,"revenue":0,"sold":0,"unavailable":0}}
R1_ACTION {"action":"receive","ok":true,"phase":"prep","report":{"cash":59800,"cost":0,"investment":6000,"margin":0,"missed":0,"remaining":6,"revenue":0,"sold":0,"unavailable":0}}
R1_ACTION {"action":"reprice","ok":true,"phase":"prep","report":{"cash":59800,"cost":0,"investment":6000,"margin":0,"missed":0,"remaining":6,"revenue":0,"sold":0,"unavailable":0}}
R1_ACTION {"action":"reprice","ok":true,"phase":"prep","report":{"cash":59800,"cost":0,"investment":6000,"margin":0,"missed":0,"remaining":6,"revenue":0,"sold":0,"unavailable":0}}
R1_ACTION {"action":"reprice","ok":true,"phase":"prep","report":{"cash":59800,"cost":0,"investment":6000,"margin":0,"missed":0,"remaining":6,"revenue":0,"sold":0,"unavailable":0}}
R1_ACTION {"action":"reprice","ok":true,"phase":"prep","report":{"cash":59800,"cost":0,"investment":6000,"margin":0,"missed":0,"remaining":6,"revenue":0,"sold":0,"unavailable":0}}
R1_ACTION {"action":"stock","ok":true,"phase":"prep","report":{"cash":59800,"cost":0,"investment":6000,"margin":0,"missed":0,"remaining":6,"revenue":0,"sold":0,"unavailable":0}}
R1_ACTION {"action":"stock","ok":true,"phase":"prep","report":{"cash":59800,"cost":0,"investment":6000,"margin":0,"missed":0,"remaining":6,"revenue":0,"sold":0,"unavailable":0}}
R1_ACTION {"action":"stock","ok":true,"phase":"prep","report":{"cash":59800,"cost":0,"investment":6000,"margin":0,"missed":0,"remaining":6,"revenue":0,"sold":0,"unavailable":0}}
R1_ACTION {"action":"stock","ok":true,"phase":"prep","report":{"cash":59800,"cost":0,"investment":6000,"margin":0,"missed":0,"remaining":6,"revenue":0,"sold":0,"unavailable":0}}
R1_ACTION {"action":"stock","ok":true,"phase":"prep","report":{"cash":59800,"cost":0,"investment":6000,"margin":0,"missed":0,"remaining":6,"revenue":0,"sold":0,"unavailable":0}}
R1_ACTION {"action":"stock","ok":true,"phase":"prep","report":{"cash":59800,"cost":0,"investment":6000,"margin":0,"missed":0,"remaining":6,"revenue":0,"sold":0,"unavailable":0}}
R1_ACTION {"action":"open","ok":true,"phase":"open","report":{"cash":59800,"cost":0,"investment":6000,"margin":0,"missed":0,"remaining":6,"revenue":0,"sold":0,"unavailable":0}}
R1_ACTION {"action":"sale","ok":true,"phase":"open","report":{"cash":61600,"cost":800,"investment":6000,"margin":1000,"missed":0,"remaining":5,"revenue":1800,"sold":1,"unavailable":0}}
R1_ACTION {"action":"sale","ok":true,"phase":"open","report":{"cash":63940,"cost":2000,"investment":6000,"margin":2140,"missed":0,"remaining":4,"revenue":4140,"sold":2,"unavailable":0}}
R1_ACTION {"action":"inspect","ok":true,"phase":"open","report":{"cash":63940,"cost":2000,"investment":6000,"margin":2140,"missed":0,"remaining":4,"revenue":4140,"sold":2,"unavailable":0}}
R1_ACTION {"action":"sale","ok":true,"phase":"open","report":{"cash":65200,"cost":2500,"investment":6000,"margin":2900,"missed":0,"remaining":3,"revenue":5400,"sold":3,"unavailable":0}}
R1_ACTION {"action":"sale","ok":true,"phase":"open","report":{"cash":67900,"cost":4100,"investment":6000,"margin":4000,"missed":0,"remaining":2,"revenue":8100,"sold":4,"unavailable":0}}
R1_ACTION {"action":"sale","ok":true,"phase":"open","report":{"cash":69160,"cost":4600,"investment":6000,"margin":4760,"missed":0,"remaining":1,"revenue":9360,"sold":5,"unavailable":0}}
R1_ACTION {"action":"sale","ok":true,"phase":"open","report":{"cash":71500,"cost":5800,"investment":6000,"margin":5900,"missed":0,"remaining":0,"revenue":11700,"sold":6,"unavailable":0}}
R1_ACTION {"action":"close","ok":true,"phase":"closing","report":{"cash":71500,"cost":5800,"investment":6000,"margin":5900,"missed":0,"remaining":0,"revenue":11700,"sold":6,"unavailable":0}}
R1_ACTION {"action":"finalize","ok":true,"phase":"report","report":{"cash":71500,"cost":5800,"investment":6000,"margin":5900,"missed":0,"remaining":0,"revenue":11700,"sold":6,"unavailable":0}}
R1_ACTION {"action":"load","ok":true,"phase":"prep","report":{"cash":64900,"cost":0,"investment":6000,"margin":0,"missed":0,"remaining":0,"revenue":0,"sold":0,"unavailable":0}}
R1_ACTION {"action":"receive","ok":true,"phase":"prep","report":{"cash":64900,"cost":0,"investment":6000,"margin":0,"missed":0,"remaining":7,"revenue":0,"sold":0,"unavailable":0}}
R1_ACTION {"action":"reprice","ok":true,"phase":"prep","report":{"cash":64900,"cost":0,"investment":6000,"margin":0,"missed":0,"remaining":7,"revenue":0,"sold":0,"unavailable":0}}
R1_ACTION {"action":"reprice","ok":true,"phase":"prep","report":{"cash":64900,"cost":0,"investment":6000,"margin":0,"missed":0,"remaining":7,"revenue":0,"sold":0,"unavailable":0}}
R1_ACTION {"action":"reprice","ok":true,"phase":"prep","report":{"cash":64900,"cost":0,"investment":6000,"margin":0,"missed":0,"remaining":7,"revenue":0,"sold":0,"unavailable":0}}
R1_ACTION {"action":"reprice","ok":true,"phase":"prep","report":{"cash":64900,"cost":0,"investment":6000,"margin":0,"missed":0,"remaining":7,"revenue":0,"sold":0,"unavailable":0}}
R1_ACTION {"action":"stock","ok":true,"phase":"prep","report":{"cash":64900,"cost":0,"investment":6000,"margin":0,"missed":0,"remaining":7,"revenue":0,"sold":0,"unavailable":0}}
R1_ACTION {"action":"stock","ok":true,"phase":"prep","report":{"cash":64900,"cost":0,"investment":6000,"margin":0,"missed":0,"remaining":7,"revenue":0,"sold":0,"unavailable":0}}
R1_ACTION {"action":"stock","ok":true,"phase":"prep","report":{"cash":64900,"cost":0,"investment":6000,"margin":0,"missed":0,"remaining":7,"revenue":0,"sold":0,"unavailable":0}}
R1_ACTION {"action":"stock","ok":true,"phase":"prep","report":{"cash":64900,"cost":0,"investment":6000,"margin":0,"missed":0,"remaining":7,"revenue":0,"sold":0,"unavailable":0}}
R1_ACTION {"action":"stock","ok":true,"phase":"prep","report":{"cash":64900,"cost":0,"investment":6000,"margin":0,"missed":0,"remaining":7,"revenue":0,"sold":0,"unavailable":0}}
R1_ACTION {"action":"stock","ok":true,"phase":"prep","report":{"cash":64900,"cost":0,"investment":6000,"margin":0,"missed":0,"remaining":7,"revenue":0,"sold":0,"unavailable":0}}
R1_ACTION {"action":"stock","ok":true,"phase":"prep","report":{"cash":64900,"cost":0,"investment":6000,"margin":0,"missed":0,"remaining":7,"revenue":0,"sold":0,"unavailable":0}}
R1_ACTION {"action":"open","ok":true,"phase":"open","report":{"cash":64900,"cost":0,"investment":6000,"margin":0,"missed":0,"remaining":7,"revenue":0,"sold":0,"unavailable":0}}
R1_ACTION {"action":"sale","ok":true,"phase":"open","report":{"cash":66700,"cost":800,"investment":6000,"margin":1000,"missed":0,"remaining":6,"revenue":1800,"sold":1,"unavailable":0}}
R1_ACTION {"action":"sale","ok":true,"phase":"open","report":{"cash":69040,"cost":2000,"investment":6000,"margin":2140,"missed":0,"remaining":5,"revenue":4140,"sold":2,"unavailable":0}}
R1_ACTION {"action":"inspect","ok":true,"phase":"open","report":{"cash":69040,"cost":2000,"investment":6000,"margin":2140,"missed":0,"remaining":5,"revenue":4140,"sold":2,"unavailable":0}}
R1_ACTION {"action":"sale","ok":true,"phase":"open","report":{"cash":70300,"cost":2500,"investment":6000,"margin":2900,"missed":0,"remaining":4,"revenue":5400,"sold":3,"unavailable":0}}
R1_ACTION {"action":"sale","ok":true,"phase":"open","report":{"cash":73000,"cost":4100,"investment":6000,"margin":4000,"missed":0,"remaining":3,"revenue":8100,"sold":4,"unavailable":0}}
R1_ACTION {"action":"sale","ok":true,"phase":"open","report":{"cash":75340,"cost":5300,"investment":6000,"margin":5140,"missed":0,"remaining":2,"revenue":10440,"sold":5,"unavailable":0}}
R1_ACTION {"action":"sale","ok":true,"phase":"open","report":{"cash":77140,"cost":6100,"investment":6000,"margin":6140,"missed":0,"remaining":1,"revenue":12240,"sold":6,"unavailable":0}}
R1_ACTION {"action":"sale","ok":true,"phase":"open","report":{"cash":78400,"cost":6600,"investment":6000,"margin":6900,"missed":0,"remaining":0,"revenue":13500,"sold":7,"unavailable":0}}
R1_ACTION {"action":"close","ok":true,"phase":"closing","report":{"cash":78400,"cost":6600,"investment":6000,"margin":6900,"missed":0,"remaining":0,"revenue":13500,"sold":7,"unavailable":0}}
R1_ACTION {"action":"finalize","ok":true,"phase":"report","report":{"cash":78400,"cost":6600,"investment":6000,"margin":6900,"missed":0,"remaining":0,"revenue":13500,"sold":7,"unavailable":0}}
R1_ACTION {"action":"load","ok":true,"phase":"prep","report":{"cash":70800,"cost":0,"investment":6000,"margin":0,"missed":0,"remaining":0,"revenue":0,"sold":0,"unavailable":0}}
R1_ACTION {"action":"receive","ok":true,"phase":"prep","report":{"cash":70800,"cost":0,"investment":6000,"margin":0,"missed":0,"remaining":8,"revenue":0,"sold":0,"unavailable":0}}
R1_ACTION {"action":"reprice","ok":true,"phase":"prep","report":{"cash":70800,"cost":0,"investment":6000,"margin":0,"missed":0,"remaining":8,"revenue":0,"sold":0,"unavailable":0}}
R1_ACTION {"action":"reprice","ok":true,"phase":"prep","report":{"cash":70800,"cost":0,"investment":6000,"margin":0,"missed":0,"remaining":8,"revenue":0,"sold":0,"unavailable":0}}
R1_ACTION {"action":"reprice","ok":true,"phase":"prep","report":{"cash":70800,"cost":0,"investment":6000,"margin":0,"missed":0,"remaining":8,"revenue":0,"sold":0,"unavailable":0}}
R1_ACTION {"action":"reprice","ok":true,"phase":"prep","report":{"cash":70800,"cost":0,"investment":6000,"margin":0,"missed":0,"remaining":8,"revenue":0,"sold":0,"unavailable":0}}
R1_ACTION {"action":"reprice","ok":true,"phase":"prep","report":{"cash":70800,"cost":0,"investment":6000,"margin":0,"missed":0,"remaining":8,"revenue":0,"sold":0,"unavailable":0}}
R1_ACTION {"action":"stock","ok":true,"phase":"prep","report":{"cash":70800,"cost":0,"investment":6000,"margin":0,"missed":0,"remaining":8,"revenue":0,"sold":0,"unavailable":0}}
R1_ACTION {"action":"stock","ok":true,"phase":"prep","report":{"cash":70800,"cost":0,"investment":6000,"margin":0,"missed":0,"remaining":8,"revenue":0,"sold":0,"unavailable":0}}
R1_ACTION {"action":"stock","ok":true,"phase":"prep","report":{"cash":70800,"cost":0,"investment":6000,"margin":0,"missed":0,"remaining":8,"revenue":0,"sold":0,"unavailable":0}}
R1_ACTION {"action":"stock","ok":true,"phase":"prep","report":{"cash":70800,"cost":0,"investment":6000,"margin":0,"missed":0,"remaining":8,"revenue":0,"sold":0,"unavailable":0}}
R1_ACTION {"action":"stock","ok":true,"phase":"prep","report":{"cash":70800,"cost":0,"investment":6000,"margin":0,"missed":0,"remaining":8,"revenue":0,"sold":0,"unavailable":0}}
R1_ACTION {"action":"stock","ok":true,"phase":"prep","report":{"cash":70800,"cost":0,"investment":6000,"margin":0,"missed":0,"remaining":8,"revenue":0,"sold":0,"unavailable":0}}
R1_ACTION {"action":"stock","ok":true,"phase":"prep","report":{"cash":70800,"cost":0,"investment":6000,"margin":0,"missed":0,"remaining":8,"revenue":0,"sold":0,"unavailable":0}}
R1_ACTION {"action":"stock","ok":true,"phase":"prep","report":{"cash":70800,"cost":0,"investment":6000,"margin":0,"missed":0,"remaining":8,"revenue":0,"sold":0,"unavailable":0}}
R1_ACTION {"action":"open","ok":true,"phase":"open","report":{"cash":70800,"cost":0,"investment":6000,"margin":0,"missed":0,"remaining":8,"revenue":0,"sold":0,"unavailable":0}}
R1_ACTION {"action":"sale","ok":true,"phase":"open","report":{"cash":72600,"cost":800,"investment":6000,"margin":1000,"missed":0,"remaining":7,"revenue":1800,"sold":1,"unavailable":0}}
R1_ACTION {"action":"sale","ok":true,"phase":"open","report":{"cash":74940,"cost":2000,"investment":6000,"margin":2140,"missed":0,"remaining":6,"revenue":4140,"sold":2,"unavailable":0}}
R1_ACTION {"action":"inspect","ok":true,"phase":"open","report":{"cash":74940,"cost":2000,"investment":6000,"margin":2140,"missed":0,"remaining":6,"revenue":4140,"sold":2,"unavailable":0}}
R1_ACTION {"action":"sale","ok":true,"phase":"open","report":{"cash":76200,"cost":2500,"investment":6000,"margin":2900,"missed":0,"remaining":5,"revenue":5400,"sold":3,"unavailable":0}}
R1_ACTION {"action":"sale","ok":true,"phase":"open","report":{"cash":78900,"cost":4100,"investment":6000,"margin":4000,"missed":0,"remaining":4,"revenue":8100,"sold":4,"unavailable":0}}
R1_ACTION {"action":"sale","ok":true,"phase":"open","report":{"cash":81060,"cost":5100,"investment":6000,"margin":5160,"missed":0,"remaining":3,"revenue":10260,"sold":5,"unavailable":0}}
R1_ACTION {"action":"sale","ok":true,"phase":"open","report":{"cash":82860,"cost":5900,"investment":6000,"margin":6160,"missed":0,"remaining":2,"revenue":12060,"sold":6,"unavailable":0}}
R1_ACTION {"action":"sale","ok":true,"phase":"open","report":{"cash":85200,"cost":7100,"investment":6000,"margin":7300,"missed":0,"remaining":1,"revenue":14400,"sold":7,"unavailable":0}}
R1_ACTION {"action":"sale","ok":true,"phase":"open","report":{"cash":86460,"cost":7600,"investment":6000,"margin":8060,"missed":0,"remaining":0,"revenue":15660,"sold":8,"unavailable":0}}
R1_ACTION {"action":"close","ok":true,"phase":"closing","report":{"cash":86460,"cost":7600,"investment":6000,"margin":8060,"missed":0,"remaining":0,"revenue":15660,"sold":8,"unavailable":0}}
R1_ACTION {"action":"finalize","ok":true,"phase":"report","report":{"cash":86460,"cost":7600,"investment":6000,"margin":8060,"missed":0,"remaining":0,"revenue":15660,"sold":8,"unavailable":0}}
R1_ACTION {"action":"load","ok":true,"phase":"prep","report":{"cash":78860,"cost":0,"investment":6000,"margin":0,"missed":0,"remaining":0,"revenue":0,"sold":0,"unavailable":0}}
R1_ACTION {"action":"receive","ok":true,"phase":"prep","report":{"cash":78860,"cost":0,"investment":6000,"margin":0,"missed":0,"remaining":8,"revenue":0,"sold":0,"unavailable":0}}
R1_ACTION {"action":"reprice","ok":true,"phase":"prep","report":{"cash":78860,"cost":0,"investment":6000,"margin":0,"missed":0,"remaining":8,"revenue":0,"sold":0,"unavailable":0}}
R1_ACTION {"action":"reprice","ok":true,"phase":"prep","report":{"cash":78860,"cost":0,"investment":6000,"margin":0,"missed":0,"remaining":8,"revenue":0,"sold":0,"unavailable":0}}
R1_ACTION {"action":"reprice","ok":true,"phase":"prep","report":{"cash":78860,"cost":0,"investment":6000,"margin":0,"missed":0,"remaining":8,"revenue":0,"sold":0,"unavailable":0}}
R1_ACTION {"action":"reprice","ok":true,"phase":"prep","report":{"cash":78860,"cost":0,"investment":6000,"margin":0,"missed":0,"remaining":8,"revenue":0,"sold":0,"unavailable":0}}
R1_ACTION {"action":"reprice","ok":true,"phase":"prep","report":{"cash":78860,"cost":0,"investment":6000,"margin":0,"missed":0,"remaining":8,"revenue":0,"sold":0,"unavailable":0}}
R1_ACTION {"action":"stock","ok":true,"phase":"prep","report":{"cash":78860,"cost":0,"investment":6000,"margin":0,"missed":0,"remaining":8,"revenue":0,"sold":0,"unavailable":0}}
R1_ACTION {"action":"stock","ok":true,"phase":"prep","report":{"cash":78860,"cost":0,"investment":6000,"margin":0,"missed":0,"remaining":8,"revenue":0,"sold":0,"unavailable":0}}
R1_ACTION {"action":"stock","ok":true,"phase":"prep","report":{"cash":78860,"cost":0,"investment":6000,"margin":0,"missed":0,"remaining":8,"revenue":0,"sold":0,"unavailable":0}}
R1_ACTION {"action":"stock","ok":true,"phase":"prep","report":{"cash":78860,"cost":0,"investment":6000,"margin":0,"missed":0,"remaining":8,"revenue":0,"sold":0,"unavailable":0}}
R1_ACTION {"action":"stock","ok":true,"phase":"prep","report":{"cash":78860,"cost":0,"investment":6000,"margin":0,"missed":0,"remaining":8,"revenue":0,"sold":0,"unavailable":0}}
R1_ACTION {"action":"stock","ok":true,"phase":"prep","report":{"cash":78860,"cost":0,"investment":6000,"margin":0,"missed":0,"remaining":8,"revenue":0,"sold":0,"unavailable":0}}
R1_ACTION {"action":"stock","ok":true,"phase":"prep","report":{"cash":78860,"cost":0,"investment":6000,"margin":0,"missed":0,"remaining":8,"revenue":0,"sold":0,"unavailable":0}}
R1_ACTION {"action":"stock","ok":true,"phase":"prep","report":{"cash":78860,"cost":0,"investment":6000,"margin":0,"missed":0,"remaining":8,"revenue":0,"sold":0,"unavailable":0}}
R1_ACTION {"action":"open","ok":true,"phase":"open","report":{"cash":78860,"cost":0,"investment":6000,"margin":0,"missed":0,"remaining":8,"revenue":0,"sold":0,"unavailable":0}}
R1_ACTION {"action":"sale","ok":true,"phase":"open","report":{"cash":80660,"cost":800,"investment":6000,"margin":1000,"missed":0,"remaining":7,"revenue":1800,"sold":1,"unavailable":0}}
R1_ACTION {"action":"sale","ok":true,"phase":"open","report":{"cash":83000,"cost":2000,"investment":6000,"margin":2140,"missed":0,"remaining":6,"revenue":4140,"sold":2,"unavailable":0}}
R1_ACTION {"action":"inspect","ok":true,"phase":"open","report":{"cash":83000,"cost":2000,"investment":6000,"margin":2140,"missed":0,"remaining":6,"revenue":4140,"sold":2,"unavailable":0}}
R1_ACTION {"action":"sale","ok":true,"phase":"open","report":{"cash":84260,"cost":2500,"investment":6000,"margin":2900,"missed":0,"remaining":5,"revenue":5400,"sold":3,"unavailable":0}}
R1_ACTION {"action":"sale","ok":true,"phase":"open","report":{"cash":86960,"cost":4100,"investment":6000,"margin":4000,"missed":0,"remaining":4,"revenue":8100,"sold":4,"unavailable":0}}
R1_ACTION {"action":"sale","ok":true,"phase":"open","report":{"cash":89120,"cost":5100,"investment":6000,"margin":5160,"missed":0,"remaining":3,"revenue":10260,"sold":5,"unavailable":0}}
R1_ACTION {"action":"sale","ok":true,"phase":"open","report":{"cash":90380,"cost":5600,"investment":6000,"margin":5920,"missed":0,"remaining":2,"revenue":11520,"sold":6,"unavailable":0}}
R1_ACTION {"action":"sale","ok":true,"phase":"open","report":{"cash":92180,"cost":6400,"investment":6000,"margin":6920,"missed":0,"remaining":1,"revenue":13320,"sold":7,"unavailable":0}}
R1_ACTION {"action":"sale","ok":true,"phase":"open","report":{"cash":94520,"cost":7600,"investment":6000,"margin":8060,"missed":0,"remaining":0,"revenue":15660,"sold":8,"unavailable":0}}
R1_ACTION {"action":"close","ok":true,"phase":"closing","report":{"cash":94520,"cost":7600,"investment":6000,"margin":8060,"missed":0,"remaining":0,"revenue":15660,"sold":8,"unavailable":0}}
R1_ACTION {"action":"finalize","ok":true,"phase":"week_complete","report":{"cash":79520,"cost":7600,"investment":6000,"margin":8060,"missed":0,"remaining":0,"revenue":15660,"sold":8,"unavailable":0}}
B8_SCENE lean 79520
