Godot Engine v4.6.2.stable.official.71f334935 - https://godotengine.org
OpenGL API 4.1 Metal - 91.7 - Compatibility - Using Device: Apple - Apple M3 Pro

R1_DISPLAY {"canvas_scale":"(2.0, 2.0)","screen_scale":2.0,"viewport":"(1280.0, 720.0)","window":"(2560, 1440)"}
R1_ACTION {"action":"receive","ok":true,"phase":"prep","report":{"cash":55000,"cost":0,"investment":0,"margin":0,"missed":0,"remaining":6,"revenue":0,"sold":0,"unavailable":0}}
R1_ACTION {"action":"reprice","ok":true,"phase":"prep","report":{"cash":55000,"cost":0,"investment":0,"margin":0,"missed":0,"remaining":6,"revenue":0,"sold":0,"unavailable":0}}
R1_ACTION {"action":"reprice","ok":true,"phase":"prep","report":{"cash":55000,"cost":0,"investment":0,"margin":0,"missed":0,"remaining":6,"revenue":0,"sold":0,"unavailable":0}}
R1_ACTION {"action":"reprice","ok":true,"phase":"prep","report":{"cash":55000,"cost":0,"investment":0,"margin":0,"missed":0,"remaining":6,"revenue":0,"sold":0,"unavailable":0}}
R1_ACTION {"action":"stock","ok":true,"phase":"prep","report":{"cash":55000,"cost":0,"investment":0,"margin":0,"missed":0,"remaining":6,"revenue":0,"sold":0,"unavailable":0}}
R1_ACTION {"action":"stock","ok":true,"phase":"prep","report":{"cash":55000,"cost":0,"investment":0,"margin":0,"missed":0,"remaining":6,"revenue":0,"sold":0,"unavailable":0}}
R1_ACTION {"action":"stock","ok":true,"phase":"prep","report":{"cash":55000,"cost":0,"investment":0,"margin":0,"missed":0,"remaining":6,"revenue":0,"sold":0,"unavailable":0}}
R1_ACTION {"action":"open","ok":true,"phase":"open","report":{"cash":55000,"cost":0,"investment":0,"margin":0,"missed":0,"remaining":6,"revenue":0,"sold":0,"unavailable":0}}
R1_ACTION {"action":"close","ok":true,"phase":"closing","report":{"cash":55000,"cost":0,"investment":0,"margin":0,"missed":0,"remaining":6,"revenue":0,"sold":0,"unavailable":0}}
R1_ACTION {"action":"sale","ok":true,"phase":"closing","report":{"cash":57000,"cost":800,"investment":0,"margin":1200,"missed":0,"remaining":5,"revenue":2000,"sold":1,"unavailable":0}}
R1_ACTION {"action":"finalize","ok":true,"phase":"report","report":{"cash":57000,"cost":800,"investment":0,"margin":1200,"missed":0,"remaining":5,"revenue":2000,"sold":1,"unavailable":0}}
STORAGE_FAILURE {"attempt":1,"code":7,"operation":"save","stage":"open_temporary"}
STORAGE_FAILURE {"attempt":2,"code":7,"operation":"save","stage":"open_temporary"}
STORAGE_FAILURE {"attempt":3,"code":7,"operation":"save","stage":"open_temporary"}
STORAGE_FAILURE {"attempt":4,"code":7,"operation":"save","stage":"open_temporary"}
STORAGE_FAILURE {"attempt":5,"code":7,"operation":"save","stage":"open_temporary"}
STORAGE_FAILURE {"attempt":6,"code":7,"operation":"save","stage":"open_temporary"}
STORAGE_FAILURE {"attempt":7,"code":7,"operation":"save","stage":"open_temporary"}
STORAGE_FAILURE {"attempt":8,"code":7,"operation":"save","stage":"open_temporary"}
STORAGE_FAILURE {"attempt":9,"code":7,"operation":"save","stage":"open_temporary"}
STORAGE_FAILURE {"attempt":10,"code":7,"operation":"save","stage":"open_temporary"}
STORAGE_FAILURE {"attempt":11,"code":7,"operation":"save","stage":"open_temporary"}
STORAGE_FAILURE {"attempt":12,"code":7,"operation":"save","stage":"open_temporary"}
STORAGE_FAILURE {"attempt":13,"code":7,"operation":"save","stage":"open_temporary"}
STORAGE_FAILURE {"attempt":1,"code":1,"operation":"save","stage":"missing_path"}
STORAGE_FAILURE {"attempt":2,"code":1,"operation":"save","stage":"missing_path"}
STORAGE_FAILURE {"attempt":3,"code":1,"operation":"save","stage":"missing_path"}
STORAGE_FAILURE {"attempt":4,"code":1,"operation":"save","stage":"missing_path"}
STORAGE_FAILURE {"attempt":5,"code":1,"operation":"save","stage":"missing_path"}
STORAGE_FAILURE {"attempt":6,"code":1,"operation":"save","stage":"missing_path"}
STORAGE_FAILURE {"attempt":7,"code":1,"operation":"save","stage":"missing_path"}
STORAGE_FAILURE {"attempt":8,"code":1,"operation":"save","stage":"missing_path"}
STORAGE_FAILURE {"attempt":9,"code":1,"operation":"save","stage":"missing_path"}
STORAGE_FAILURE {"attempt":10,"code":1,"operation":"save","stage":"missing_path"}
STORAGE_FAILURE {"attempt":11,"code":1,"operation":"save","stage":"missing_path"}
STORAGE_FAILURE {"attempt":12,"code":1,"operation":"save","stage":"missing_path"}
STORAGE_FAILURE {"attempt":13,"code":1,"operation":"save","stage":"missing_path"}
