Godot Engine v4.6.2.stable.official.71f334935 - https://godotengine.org
OpenGL API 4.1 Metal - 91.7 - Compatibility - Using Device: Apple - Apple M3 Pro

R1_DISPLAY {"canvas_scale":"(1.0, 1.0)","screen_scale":2.0,"viewport":"(1280.0, 720.0)","window":"(1280, 720)"}
R1_ACTION {"action":"receive","ok":true,"phase":"prep","report":{"cash":55000,"cost":0,"investment":0,"margin":0,"missed":0,"remaining":6,"revenue":0,"sold":0,"unavailable":0}}
SCRIPT ERROR: Out of bounds get index '0' (on base: 'Array')
          at: named (res://scripts/test_week_scene.gd:36)
          GDScript backtrace (most recent call first):
              [0] named (res://scripts/test_week_scene.gd:36)
              [1] run (res://scripts/clarity_capture.gd:18)
              [2] snap (res://scripts/clarity_capture.gd:8)
              [3] frames (res://scripts/test_encounter.gd:8)
SCRIPT ERROR: Invalid access to property or key 'pressed' on a base object of type 'Nil'.
          at: press (res://scripts/test_week_scene.gd:167)
          GDScript backtrace (most recent call first):
              [0] press (res://scripts/test_week_scene.gd:167)
              [1] run (res://scripts/clarity_capture.gd:18)
              [2] snap (res://scripts/clarity_capture.gd:8)
              [3] frames (res://scripts/test_encounter.gd:8)
ERROR: Can't take value from empty array.
   at: back (core/variant/array.cpp:360)
   GDScript backtrace (most recent call first):
       [0] dialog (res://scripts/test_assortment_scene.gd:53)
       [1] dismiss_dialog (res://scripts/test_week_scene.gd:38)
       [2] run (res://scripts/clarity_capture.gd:19)
       [3] dismiss_dialog (res://scripts/test_week_scene.gd:38)
       [4] frames (res://scripts/test_encounter.gd:8)
SCRIPT ERROR: Invalid call. Nonexistent function 'get_ok_button' in base 'Nil'.
          at: dismiss_dialog (res://scripts/test_week_scene.gd:38)
          GDScript backtrace (most recent call first):
              [0] dismiss_dialog (res://scripts/test_week_scene.gd:38)
              [1] run (res://scripts/clarity_capture.gd:19)
              [2] dismiss_dialog (res://scripts/test_week_scene.gd:38)
              [3] frames (res://scripts/test_encounter.gd:8)
SCRIPT ERROR: Out of bounds get index '0' (on base: 'Array')
          at: named (res://scripts/test_week_scene.gd:36)
          GDScript backtrace (most recent call first):
              [0] named (res://scripts/test_week_scene.gd:36)
              [1] run (res://scripts/clarity_capture.gd:22)
              [2] snap (res://scripts/clarity_capture.gd:8)
              [3] frames (res://scripts/test_encounter.gd:8)
SCRIPT ERROR: Invalid access to property or key 'pressed' on a base object of type 'Nil'.
          at: press (res://scripts/test_week_scene.gd:167)
          GDScript backtrace (most recent call first):
              [0] press (res://scripts/test_week_scene.gd:167)
              [1] run (res://scripts/clarity_capture.gd:22)
              [2] snap (res://scripts/clarity_capture.gd:8)
              [3] frames (res://scripts/test_encounter.gd:8)
SCRIPT ERROR: Out of bounds get index '0' (on base: 'Array')
          at: named (res://scripts/test_week_scene.gd:36)
          GDScript backtrace (most recent call first):
              [0] named (res://scripts/test_week_scene.gd:36)
              [1] run (res://scripts/clarity_capture.gd:23)
              [2] snap (res://scripts/clarity_capture.gd:8)
              [3] frames (res://scripts/test_encounter.gd:8)
SCRIPT ERROR: Invalid access to property or key 'pressed' on a base object of type 'Nil'.
          at: press (res://scripts/test_week_scene.gd:167)
          GDScript backtrace (most recent call first):
              [0] press (res://scripts/test_week_scene.gd:167)
              [1] run (res://scripts/clarity_capture.gd:23)
              [2] snap (res://scripts/clarity_capture.gd:8)
              [3] frames (res://scripts/test_encounter.gd:8)
R1_ACTION {"action":"reprice","ok":true,"phase":"prep","report":{"cash":55000,"cost":0,"investment":0,"margin":0,"missed":0,"remaining":6,"revenue":0,"sold":0,"unavailable":0}}
R1_ACTION {"action":"reprice","ok":true,"phase":"prep","report":{"cash":55000,"cost":0,"investment":0,"margin":0,"missed":0,"remaining":6,"revenue":0,"sold":0,"unavailable":0}}
R1_ACTION {"action":"reprice","ok":true,"phase":"prep","report":{"cash":55000,"cost":0,"investment":0,"margin":0,"missed":0,"remaining":6,"revenue":0,"sold":0,"unavailable":0}}
R1_ACTION {"action":"stock","ok":true,"phase":"prep","report":{"cash":55000,"cost":0,"investment":0,"margin":0,"missed":0,"remaining":6,"revenue":0,"sold":0,"unavailable":0}}
R1_ACTION {"action":"stock","ok":true,"phase":"prep","report":{"cash":55000,"cost":0,"investment":0,"margin":0,"missed":0,"remaining":6,"revenue":0,"sold":0,"unavailable":0}}
R1_ACTION {"action":"stock","ok":true,"phase":"prep","report":{"cash":55000,"cost":0,"investment":0,"margin":0,"missed":0,"remaining":6,"revenue":0,"sold":0,"unavailable":0}}
R1_ACTION {"action":"open","ok":true,"phase":"open","report":{"cash":55000,"cost":0,"investment":0,"margin":0,"missed":0,"remaining":6,"revenue":0,"sold":0,"unavailable":0}}
R1_ACTION {"action":"close","ok":true,"phase":"closing","report":{"cash":55000,"cost":0,"investment":0,"margin":0,"missed":0,"remaining":6,"revenue":0,"sold":0,"unavailable":0}}
R1_ACTION {"action":"sale","ok":true,"phase":"closing","report":{"cash":57000,"cost":800,"investment":0,"margin":1200,"missed":0,"remaining":5,"revenue":2000,"sold":1,"unavailable":0}}
R1_ACTION {"action":"finalize","ok":true,"phase":"report","report":{"cash":57000,"cost":800,"investment":0,"margin":1200,"missed":0,"remaining":5,"revenue":2000,"sold":1,"unavailable":0}}
STORAGE_FAILURE {"attempt":1,"code":7,"operation":"save","stage":"open_temporary"}
STORAGE_FAILURE {"attempt":2,"code":7,"operation":"save","stage":"open_temporary"}
STORAGE_FAILURE {"attempt":3,"code":7,"operation":"save","stage":"open_temporary"}
STORAGE_FAILURE {"attempt":4,"code":7,"operation":"save","stage":"open_temporary"}
STORAGE_FAILURE {"attempt":5,"code":7,"operation":"save","stage":"open_temporary"}
STORAGE_FAILURE {"attempt":6,"code":7,"operation":"save","stage":"open_temporary"}
STORAGE_FAILURE {"attempt":7,"code":7,"operation":"save","stage":"open_temporary"}
STORAGE_FAILURE {"attempt":8,"code":7,"operation":"save","stage":"open_temporary"}
STORAGE_FAILURE {"attempt":9,"code":7,"operation":"save","stage":"open_temporary"}
STORAGE_FAILURE {"attempt":10,"code":7,"operation":"save","stage":"open_temporary"}
STORAGE_FAILURE {"attempt":11,"code":7,"operation":"save","stage":"open_temporary"}
STORAGE_FAILURE {"attempt":12,"code":7,"operation":"save","stage":"open_temporary"}
STORAGE_FAILURE {"attempt":13,"code":7,"operation":"save","stage":"open_temporary"}
ERROR: keyboard focus available
   at: push_error (core/variant/variant_utility.cpp:1024)
   GDScript backtrace (most recent call first):
       [0] check (res://scripts/test_week_scene.gd:13)
       [1] run (res://scripts/clarity_capture.gd:37)
       [2] key (res://scripts/test_encounter.gd:17)
       [3] frames (res://scripts/test_encounter.gd:8)
WARNING: ObjectDB instances leaked at exit (run with --verbose for details).
     at: cleanup (core/object/object.cpp:2641)
