Godot Engine v4.6.2.stable.official.71f334935 - https://godotengine.org

[   0% ] [90m[1mfirst_scan_filesystem[22m | Started Project initialization (5 steps)[39m[0m
[   0% ] [90m[1mfirst_scan_filesystem[22m | Scanning file structure...[39m[0m
[  16% ] [90m[1mfirst_scan_filesystem[22m | Loading global class names...[39m[0m
[  33% ] [90m[1mfirst_scan_filesystem[22m | Verifying GDExtensions...[39m[0m
[  50% ] [90m[1mfirst_scan_filesystem[22m | Creating autoload scripts...[39m[0m
[  66% ] [90m[1mfirst_scan_filesystem[22m | Initializing plugins...[39m[0m
[  83% ] [90m[1mfirst_scan_filesystem[22m | Starting file scan...[39m[0m
[92m[ DONE ][39m [1mfirst_scan_filesystem[22m
[0m
[   0% ] [90m[1mexport[22m | Started Exporting for macOS (3 steps)[39m[0m
[   0% ] [90m[1mexport[22m | Creating app bundle[39m[0m
[  25% ] [90m[1mexport[22m | Making PKG[39m[0m
[   0% ] [90m[1msavepack[22m | Started Packing (102 steps)[39m[0m
[   1% ] [90m[1msavepack[22m | Storing File: res://.godot/imported/0.png-633ba4ab62ae44b8eac7bcb18e3fc488.ctex[39m[0m
[   1% ] [90m[1msavepack[22m | Storing File: res://art/authored/0.png.import[39m[0m
[   2% ] [90m[1msavepack[22m | Storing File: res://.godot/imported/1.png-7f9b0a8695e67bab8bf87cf80fe4200a.ctex[39m[0m
[   2% ] [90m[1msavepack[22m | Storing File: res://art/authored/1.png.import[39m[0m
[   3% ] [90m[1msavepack[22m | Storing File: res://.godot/imported/2.png-2f38176b4fb84f6721fb62b508e4e55b.ctex[39m[0m
[   3% ] [90m[1msavepack[22m | Storing File: res://art/authored/2.png.import[39m[0m
[   4% ] [90m[1msavepack[22m | Storing File: res://.godot/imported/3.png-8f90ab1d2658d297fde34efc166d9089.ctex[39m[0m
[   4% ] [90m[1msavepack[22m | Storing File: res://art/authored/3.png.import[39m[0m
[   5% ] [90m[1msavepack[22m | Storing File: res://.godot/imported/4.png-15d2f7ac12fc550854057b0ecf7062f7.ctex[39m[0m
[   5% ] [90m[1msavepack[22m | Storing File: res://art/authored/4.png.import[39m[0m
[   6% ] [90m[1msavepack[22m | Storing File: res://.godot/imported/5.png-957fbcc8329c561b5844f222fe3e22f6.ctex[39m[0m
[   6% ] [90m[1msavepack[22m | Storing File: res://art/authored/5.png.import[39m[0m
[   7% ] [90m[1msavepack[22m | Storing File: res://.godot/imported/assembled.png-ffb31d9adf9dd505c403568e4b254bf5.ctex[39m[0m
[   7% ] [90m[1msavepack[22m | Storing File: res://art/back/assembled.png.import[39m[0m
[   9% ] [90m[1msavepack[22m | Storing File: res://.godot/imported/far_arm.png-0871651071d3656bba221958a9e120cc.ctex[39m[0m
[   9% ] [90m[1msavepack[22m | Storing File: res://art/back/far_arm.png.import[39m[0m
[  10% ] [90m[1msavepack[22m | Storing File: res://.godot/imported/far_leg.png-bef42da46a49d772238af090eb229f6c.ctex[39m[0m
[  10% ] [90m[1msavepack[22m | Storing File: res://art/back/far_leg.png.import[39m[0m
[  11% ] [90m[1msavepack[22m | Storing File: res://.godot/imported/head.png-58a262691dd9aad5e6603b4d436de350.ctex[39m[0m
[  11% ] [90m[1msavepack[22m | Storing File: res://art/back/head.png.import[39m[0m
[  12% ] [90m[1msavepack[22m | Storing File: res://.godot/imported/near_arm.png-92fb0a70ca4ed04d1c7046ecff719cb1.ctex[39m[0m
[  12% ] [90m[1msavepack[22m | Storing File: res://art/back/near_arm.png.import[39m[0m
[  13% ] [90m[1msavepack[22m | Storing File: res://.godot/imported/near_leg.png-f646ab78b01a810e7736d4cc633f05c3.ctex[39m[0m
[  13% ] [90m[1msavepack[22m | Storing File: res://art/back/near_leg.png.import[39m[0m
[  14% ] [90m[1msavepack[22m | Storing File: res://.godot/imported/torso.png-4956f1d05589297d1b67d5d0802c9ca8.ctex[39m[0m
[  14% ] [90m[1msavepack[22m | Storing File: res://art/back/torso.png.import[39m[0m
[  15% ] [90m[1msavepack[22m | Storing File: res://.godot/imported/assembled.png-dd4e21c9925c5bea87f2066cdcc67fb3.ctex[39m[0m
[  15% ] [90m[1msavepack[22m | Storing File: res://art/front/assembled.png.import[39m[0m
[  17% ] [90m[1msavepack[22m | Storing File: res://.godot/imported/far_arm.png-3a4a69058bab87eeed6cf3371703596d.ctex[39m[0m
[  17% ] [90m[1msavepack[22m | Storing File: res://art/front/far_arm.png.import[39m[0m
[  18% ] [90m[1msavepack[22m | Storing File: res://.godot/imported/far_leg.png-5c2951e1cc7ef9f5389479568bd1c7ca.ctex[39m[0m
[  18% ] [90m[1msavepack[22m | Storing File: res://art/front/far_leg.png.import[39m[0m
[  19% ] [90m[1msavepack[22m | Storing File: res://.godot/imported/head.png-034efea7e18e4db0c6ec43bcdf9fe153.ctex[39m[0m
[  19% ] [90m[1msavepack[22m | Storing File: res://art/front/head.png.import[39m[0m
[  20% ] [90m[1msavepack[22m | Storing File: res://.godot/imported/near_arm.png-ab648cfd5e06b4383d10e923285d336d.ctex[39m[0m
[  20% ] [90m[1msavepack[22m | Storing File: res://art/front/near_arm.png.import[39m[0m
[  21% ] [90m[1msavepack[22m | Storing File: res://.godot/imported/near_leg.png-6c56ff4d7b69003c222258295d5f5730.ctex[39m[0m
[  21% ] [90m[1msavepack[22m | Storing File: res://art/front/near_leg.png.import[39m[0m
[  22% ] [90m[1msavepack[22m | Storing File: res://.godot/imported/torso.png-ae4be31ce2614769f3bf7ddec1a49f83.ctex[39m[0m
[  22% ] [90m[1msavepack[22m | Storing File: res://art/front/torso.png.import[39m[0m
[  23% ] [90m[1msavepack[22m | Storing File: res://.godot/imported/assembled.png-a7f633c787cc982eb2b48cb061ce4a17.ctex[39m[0m
[  23% ] [90m[1msavepack[22m | Storing File: res://art/side/assembled.png.import[39m[0m
[  25% ] [90m[1msavepack[22m | Storing File: res://.godot/imported/far_arm.png-648114709d7673bddb624a775884b738.ctex[39m[0m
[  25% ] [90m[1msavepack[22m | Storing File: res://art/side/far_arm.png.import[39m[0m
[  26% ] [90m[1msavepack[22m | Storing File: res://.godot/imported/far_leg.png-a41558d337f420bd37229ffdbe8498ff.ctex[39m[0m
[  26% ] [90m[1msavepack[22m | Storing File: res://art/side/far_leg.png.import[39m[0m
[  27% ] [90m[1msavepack[22m | Storing File: res://.godot/imported/head.png-775b23a29d158087c6d5474751d1b98c.ctex[39m[0m
[  27% ] [90m[1msavepack[22m | Storing File: res://art/side/head.png.import[39m[0m
[  28% ] [90m[1msavepack[22m | Storing File: res://.godot/imported/near_arm.png-f0f2df703eb53619d6e727368d8772a4.ctex[39m[0m
[  28% ] [90m[1msavepack[22m | Storing File: res://art/side/near_arm.png.import[39m[0m
[  29% ] [90m[1msavepack[22m | Storing File: res://.godot/imported/near_leg.png-b6402d390e6a9bcae386f3382e7df670.ctex[39m[0m
[  29% ] [90m[1msavepack[22m | Storing File: res://art/side/near_leg.png.import[39m[0m
[  30% ] [90m[1msavepack[22m | Storing File: res://.godot/imported/torso.png-58874095ccb1837cbd9c85d5fe032e7f.ctex[39m[0m
[  30% ] [90m[1msavepack[22m | Storing File: res://art/side/torso.png.import[39m[0m
[  32% ] [90m[1msavepack[22m | Storing File: res://.godot/imported/case-orbit.png-ae3b44a85919529a80e9bbf780296189.ctex[39m[0m
[  32% ] [90m[1msavepack[22m | Storing File: res://art/case-orbit.png.import[39m[0m
[  33% ] [90m[1msavepack[22m | Storing File: res://.godot/imported/case-rally.png-520d6c7adf022372445502743d8c04b8.ctex[39m[0m
[  33% ] [90m[1msavepack[22m | Storing File: res://art/case-rally.png.import[39m[0m
[  33% ] [90m[1msavepack[22m | Storing File: res://.godot/imported/case-signal.png-cb82b688e79387e9efa0f200949dbd3b.ctex[39m[0m
[  33% ] [90m[1msavepack[22m | Storing File: res://art/case-signal.png.import[39m[0m
[  34% ] [90m[1msavepack[22m | Storing File: res://.godot/imported/case-tide.png-915b4af2db1fe157a373577bb31313a3.ctex[39m[0m
[  34% ] [90m[1msavepack[22m | Storing File: res://art/case-tide.png.import[39m[0m
[  35% ] [90m[1msavepack[22m | Storing File: res://.godot/imported/case.png-04fafb6f1ab1bc5384e5ef76df1679f1.ctex[39m[0m
[  35% ] [90m[1msavepack[22m | Storing File: res://art/case.png.import[39m[0m
[  36% ] [90m[1msavepack[22m | Storing File: res://.godot/imported/counter.png-ef1548a4310c100bfa1357562ad30aec.ctex[39m[0m
[  36% ] [90m[1msavepack[22m | Storing File: res://art/counter.png.import[39m[0m
[  37% ] [90m[1msavepack[22m | Storing File: res://.godot/imported/customer-3-back.png-9b169bbcf0b63360b4a79a3cd9761d8e.ctex[39m[0m
[  37% ] [90m[1msavepack[22m | Storing File: res://art/customer-3-back.png.import[39m[0m
[  39% ] [90m[1msavepack[22m | Storing File: res://.godot/imported/customer-3-front.png-762c3ab0793ac32f7334799be9cc401c.ctex[39m[0m
[  39% ] [90m[1msavepack[22m | Storing File: res://art/customer-3-front.png.import[39m[0m
[  40% ] [90m[1msavepack[22m | Storing File: res://.godot/imported/customer-3-side.png-836fc457569744f3ae1e640b6665ea5c.ctex[39m[0m
[  40% ] [90m[1msavepack[22m | Storing File: res://art/customer-3-side.png.import[39m[0m
[  41% ] [90m[1msavepack[22m | Storing File: res://.godot/imported/customer-4-back.png-11b804f4e7b37a736d2def83a479df35.ctex[39m[0m
[  41% ] [90m[1msavepack[22m | Storing File: res://art/customer-4-back.png.import[39m[0m
[  42% ] [90m[1msavepack[22m | Storing File: res://.godot/imported/customer-4-front.png-633b99d5c5b21a6f133b27435e5a25dd.ctex[39m[0m
[  42% ] [90m[1msavepack[22m | Storing File: res://art/customer-4-front.png.import[39m[0m
[  43% ] [90m[1msavepack[22m | Storing File: res://.godot/imported/customer-4-side.png-48ccaf0e77508717354d5bf6692b2750.ctex[39m[0m
[  43% ] [90m[1msavepack[22m | Storing File: res://art/customer-4-side.png.import[39m[0m
[  44% ] [90m[1msavepack[22m | Storing File: res://.godot/imported/customer-5-back.png-4d4e9473b0bffa268fe473e90b7132fc.ctex[39m[0m
[  44% ] [90m[1msavepack[22m | Storing File: res://art/customer-5-back.png.import[39m[0m
[  45% ] [90m[1msavepack[22m | Storing File: res://.godot/imported/customer-5-front.png-efcadaa3493f6e18a6f63e54fb833879.ctex[39m[0m
[  45% ] [90m[1msavepack[22m | Storing File: res://art/customer-5-front.png.import[39m[0m
[  47% ] [90m[1msavepack[22m | Storing File: res://.godot/imported/customer-5-side.png-2e110139432287b6d166d39c2116ca03.ctex[39m[0m
[  47% ] [90m[1msavepack[22m | Storing File: res://art/customer-5-side.png.import[39m[0m
[  48% ] [90m[1msavepack[22m | Storing File: res://.godot/imported/retail-context.png-6c37fcd824aed62a963f6aa95faa4184.ctex[39m[0m
[  48% ] [90m[1msavepack[22m | Storing File: res://art/retail-context.png.import[39m[0m
[  49% ] [90m[1msavepack[22m | Storing File: res://.godot/imported/retail-shelf-empty.png-3fcbaa26e8cc9019adad05121b15b8a6.ctex[39m[0m
[  49% ] [90m[1msavepack[22m | Storing File: res://art/retail-shelf-empty.png.import[39m[0m
[  50% ] [90m[1msavepack[22m | Storing File: res://.godot/imported/retail-shelf.png-5089a4f3f20742c832e5d5b8e7842c39.ctex[39m[0m
[  50% ] [90m[1msavepack[22m | Storing File: res://art/retail-shelf.png.import[39m[0m
[  51% ] [90m[1msavepack[22m | Storing File: res://art/rig.json[39m[0m
[  52% ] [90m[1msavepack[22m | Storing File: res://.godot/imported/shipment.png-01526d4a24a6eb88fb74f765b5a64d01.ctex[39m[0m
[  52% ] [90m[1msavepack[22m | Storing File: res://art/shipment.png.import[39m[0m
[  54% ] [90m[1msavepack[22m | Storing File: res://scripts/b8_policy.gdc[39m[0m
[  55% ] [90m[1msavepack[22m | Storing File: res://scripts/capture_b7_motion.gdc[39m[0m
[  56% ] [90m[1msavepack[22m | Storing File: res://scripts/capture_b7_reports.gdc[39m[0m
[  57% ] [90m[1msavepack[22m | Storing File: res://scripts/test_assortment.gdc[39m[0m
[  58% ] [90m[1msavepack[22m | Storing File: res://scripts/test_assortment_scene.gdc[39m[0m
[  59% ] [90m[1msavepack[22m | Storing File: res://scripts/test_balance_scene.gdc[39m[0m
[  60% ] [90m[1msavepack[22m | Storing File: res://scripts/test_balance_state.gdc[39m[0m
[  62% ] [90m[1msavepack[22m | Storing File: res://scripts/test_breadth_scene.gdc[39m[0m
[  63% ] [90m[1msavepack[22m | Storing File: res://scripts/test_days.gdc[39m[0m
[  64% ] [90m[1msavepack[22m | Storing File: res://scripts/test_employees.gdc[39m[0m
[  65% ] [90m[1msavepack[22m | Storing File: res://scripts/test_employees_scene.gdc[39m[0m
[  66% ] [90m[1msavepack[22m | Storing File: res://scripts/test_encounter.gdc[39m[0m
[  66% ] [90m[1msavepack[22m | Storing File: res://scripts/test_exit.gdc[39m[0m
[  67% ] [90m[1msavepack[22m | Storing File: res://scripts/test_growth.gdc[39m[0m
[  69% ] [90m[1msavepack[22m | Storing File: res://scripts/test_growth_scene.gdc[39m[0m
[  70% ] [90m[1msavepack[22m | Storing File: res://scripts/test_layout.gdc[39m[0m
[  71% ] [90m[1msavepack[22m | Storing File: res://scripts/test_layout_scene.gdc[39m[0m
[  72% ] [90m[1msavepack[22m | Storing File: res://scripts/test_presentation.gdc[39m[0m
[  73% ] [90m[1msavepack[22m | Storing File: res://scripts/test_price_request.gdc[39m[0m
[  74% ] [90m[1msavepack[22m | Storing File: res://scripts/test_pricing.gdc[39m[0m
[  76% ] [90m[1msavepack[22m | Storing File: res://scripts/test_pricing_scene.gdc[39m[0m
[  77% ] [90m[1msavepack[22m | Storing File: res://scripts/test_restart_flow.gdc[39m[0m
[  78% ] [90m[1msavepack[22m | Storing File: res://scripts/test_state.gdc[39m[0m
[  79% ] [90m[1msavepack[22m | Storing File: res://scripts/test_used.gdc[39m[0m
[  80% ] [90m[1msavepack[22m | Storing File: res://scripts/test_used_scene.gdc[39m[0m
[  81% ] [90m[1msavepack[22m | Storing File: res://scripts/test_wave.gdc[39m[0m
[  82% ] [90m[1msavepack[22m | Storing File: res://scripts/test_wave_scene.gdc[39m[0m
[  84% ] [90m[1msavepack[22m | Storing File: res://scripts/test_week.gdc[39m[0m
[  85% ] [90m[1msavepack[22m | Storing File: res://scripts/test_week_regressions.gdc[39m[0m
[  86% ] [90m[1msavepack[22m | Storing File: res://scripts/test_week_scene.gdc[39m[0m
[  87% ] [90m[1msavepack[22m | Storing File: res://used.gdc[39m[0m
[  88% ] [90m[1msavepack[22m | Storing File: res://state.gdc[39m[0m
[  89% ] [90m[1msavepack[22m | Storing File: res://week_content.gdc[39m[0m
[  90% ] [90m[1msavepack[22m | Storing File: res://glass_ui.gdc[39m[0m
[  92% ] [90m[1msavepack[22m | Storing File: res://layout.gdc[39m[0m
[  93% ] [90m[1msavepack[22m | Storing File: res://.godot/exported/133200997/export-3070c538c03ee49b7677ff960a3f5195-main.scn[39m[0m
[  94% ] [90m[1msavepack[22m | Storing File: res://economy.gdc[39m[0m
[  95% ] [90m[1msavepack[22m | Storing File: res://actor.gdc[39m[0m
[  96% ] [90m[1msavepack[22m | Storing File: res://staff.gdc[39m[0m
[  97% ] [90m[1msavepack[22m | Storing File: res://main.gdc[39m[0m
[  97% ] [90m[1msavepack[22m | Storing File: res://scripts/b8_policy.gd.remap[39m[0m
[  97% ] [90m[1msavepack[22m | Storing File: res://scripts/capture_b7_motion.gd.remap[39m[0m
[  97% ] [90m[1msavepack[22m | Storing File: res://scripts/capture_b7_reports.gd.remap[39m[0m
[  97% ] [90m[1msavepack[22m | Storing File: res://scripts/test_assortment.gd.remap[39m[0m
[  97% ] [90m[1msavepack[22m | Storing File: res://scripts/test_assortment_scene.gd.remap[39m[0m
[  97% ] [90m[1msavepack[22m | Storing File: res://scripts/test_balance_scene.gd.remap[39m[0m
[  97% ] [90m[1msavepack[22m | Storing File: res://scripts/test_balance_state.gd.remap[39m[0m
[  97% ] [90m[1msavepack[22m | Storing File: res://scripts/test_breadth_scene.gd.remap[39m[0m
[  97% ] [90m[1msavepack[22m | Storing File: res://scripts/test_days.gd.remap[39m[0m
[  97% ] [90m[1msavepack[22m | Storing File: res://scripts/test_employees.gd.remap[39m[0m
[  97% ] [90m[1msavepack[22m | Storing File: res://scripts/test_employees_scene.gd.remap[39m[0m
[  97% ] [90m[1msavepack[22m | Storing File: res://scripts/test_encounter.gd.remap[39m[0m
[  97% ] [90m[1msavepack[22m | Storing File: res://scripts/test_exit.gd.remap[39m[0m
[  97% ] [90m[1msavepack[22m | Storing File: res://scripts/test_growth.gd.remap[39m[0m
[  97% ] [90m[1msavepack[22m | Storing File: res://scripts/test_growth_scene.gd.remap[39m[0m
[  97% ] [90m[1msavepack[22m | Storing File: res://scripts/test_layout.gd.remap[39m[0m
[  97% ] [90m[1msavepack[22m | Storing File: res://scripts/test_layout_scene.gd.remap[39m[0m
[  97% ] [90m[1msavepack[22m | Storing File: res://scripts/test_presentation.gd.remap[39m[0m
[  97% ] [90m[1msavepack[22m | Storing File: res://scripts/test_price_request.gd.remap[39m[0m
[  97% ] [90m[1msavepack[22m | Storing File: res://scripts/test_pricing.gd.remap[39m[0m
[  97% ] [90m[1msavepack[22m | Storing File: res://scripts/test_pricing_scene.gd.remap[39m[0m
[  97% ] [90m[1msavepack[22m | Storing File: res://scripts/test_restart_flow.gd.remap[39m[0m
[  97% ] [90m[1msavepack[22m | Storing File: res://scripts/test_state.gd.remap[39m[0m
[  97% ] [90m[1msavepack[22m | Storing File: res://scripts/test_used.gd.remap[39m[0m
[  97% ] [90m[1msavepack[22m | Storing File: res://scripts/test_used_scene.gd.remap[39m[0m
[  97% ] [90m[1msavepack[22m | Storing File: res://scripts/test_wave.gd.remap[39m[0m
[  97% ] [90m[1msavepack[22m | Storing File: res://scripts/test_wave_scene.gd.remap[39m[0m
[  97% ] [90m[1msavepack[22m | Storing File: res://scripts/test_week.gd.remap[39m[0m
[  97% ] [90m[1msavepack[22m | Storing File: res://scripts/test_week_regressions.gd.remap[39m[0m
[  97% ] [90m[1msavepack[22m | Storing File: res://scripts/test_week_scene.gd.remap[39m[0m
[  97% ] [90m[1msavepack[22m | Storing File: res://used.gd.remap[39m[0m
[  97% ] [90m[1msavepack[22m | Storing File: res://state.gd.remap[39m[0m
[  97% ] [90m[1msavepack[22m | Storing File: res://week_content.gd.remap[39m[0m
[  97% ] [90m[1msavepack[22m | Storing File: res://glass_ui.gd.remap[39m[0m
[  97% ] [90m[1msavepack[22m | Storing File: res://layout.gd.remap[39m[0m
[  97% ] [90m[1msavepack[22m | Storing File: res://main.tscn.remap[39m[0m
[  97% ] [90m[1msavepack[22m | Storing File: res://economy.gd.remap[39m[0m
[  97% ] [90m[1msavepack[22m | Storing File: res://actor.gd.remap[39m[0m
[  97% ] [90m[1msavepack[22m | Storing File: res://staff.gd.remap[39m[0m
[  97% ] [90m[1msavepack[22m | Storing File: res://main.gd.remap[39m[0m
[  97% ] [90m[1msavepack[22m | Storing File: res://.godot/global_script_class_cache.cfg[39m[0m
[  97% ] [90m[1msavepack[22m | Storing File: res://.godot/uid_cache.bin[39m[0m
[  97% ] [90m[1msavepack[22m | Storing File: res://project.binary[39m[0m
[92m[ DONE ][39m [1msavepack[22m
[0m
[  50% ] [90m[1mexport[22m | Code signing bundle[39m[0m
[  75% ] [90m[1mexport[22m | Making ZIP[39m[0m
[92m[ DONE ][39m [1mexport[22m
[0m
