ffmpeg version 8.1.1 Copyright (c) 2000-2026 the FFmpeg developers
  built with Apple clang version 21.0.0 (clang-2100.0.123.102)
  configuration: --prefix=/opt/homebrew/Cellar/ffmpeg/8.1.1 --enable-shared --enable-pthreads --enable-version3 --cc=clang --host-cflags= --host-ldflags= --enable-ffplay --enable-gpl --enable-libsvtav1 --enable-libopus --enable-libx264 --enable-libmp3lame --enable-libdav1d --enable-libvmaf --enable-libvpx --enable-libx265 --enable-openssl --enable-videotoolbox --enable-audiotoolbox --enable-neon
  libavutil      60. 26.101 / 60. 26.101
  libavcodec     62. 28.101 / 62. 28.101
  libavformat    62. 12.101 / 62. 12.101
  libavdevice    62.  3.101 / 62.  3.101
  libavfilter    11. 14.101 / 11. 14.101
  libswscale      9.  5.101 /  9.  5.101
  libswresample   6.  3.101 /  6.  3.101
Input #0, image2, from 'samples/b-motion/evidence/frames/%04d.png':
  Duration: 00:00:25.03, start: 0.000000, bitrate: N/A
  Stream #0:0: Video: png, rgba(pc, gbr/bt709/iec61966-2-1), 1280x720, 30 fps, 30 tbr, 30 tbn
Stream mapping:
  Stream #0:0 -> #0:0 (png (native) -> h264 (libx264))
Press [q] to stop, [?] for help
[libx264 @ 0xc00c30a80] using cpu capabilities: ARMv8 NEON DotProd I8MM
[libx264 @ 0xc00c30a80] profile High, level 3.1, 4:2:0, 8-bit
[libx264 @ 0xc00c30a80] 264 - core 165 r3222 b35605a - H.264/MPEG-4 AVC codec - Copyleft 2003-2025 - http://www.videolan.org/x264.html - options: cabac=1 ref=3 deblock=1:0:0 analyse=0x3:0x113 me=hex subme=7 psy=1 psy_rd=1.00:0.00 mixed_ref=1 me_range=16 chroma_me=1 trellis=1 8x8dct=1 cqm=0 deadzone=21,11 fast_pskip=1 chroma_qp_offset=-2 threads=16 lookahead_threads=2 sliced_threads=0 nr=0 decimate=1 interlaced=0 bluray_compat=0 constrained_intra=0 bframes=3 b_pyramid=2 b_adapt=1 b_bias=0 direct=1 weightb=1 open_gop=0 weightp=2 keyint=250 keyint_min=25 scenecut=40 intra_refresh=0 rc_lookahead=40 rc=crf mbtree=1 crf=23.0 qcomp=0.60 qpmin=0 qpmax=69 qpstep=4 ip_ratio=1.40 aq=1:1.00
Output #0, mp4, to 'samples/b-motion/evidence/rowan-authored-comparison.mp4':
  Metadata:
    encoder         : Lavf62.12.101
  Stream #0:0: Video: h264 (avc1 / 0x31637661), yuv420p(tv, unknown/bt709/iec61966-2-1, progressive), 1280x720, q=2-31, 30 fps, 15360 tbn
    Metadata:
      encoder         : Lavc62.28.101 libx264
    Side data:
      CPB properties: bitrate max/min/avg: 0/0/0 buffer size: 0 vbv_delay: N/A
frame=  112 fps=0.0 q=29.0 size=       0KiB time=00:00:03.66 bitrate=   0.1kbits/s speed=7.29x elapsed=0:00:00.50    frame=  420 fps=417 q=29.0 size=       0KiB time=00:00:13.93 bitrate=   0.0kbits/s speed=13.8x elapsed=0:00:01.00    [out#0/mp4 @ 0xc00c0c900] video:319KiB audio:0KiB subtitle:0KiB other streams:0KiB global headers:0KiB muxing overhead: 3.021141%
frame=  751 fps=519 q=-1.0 Lsize=     328KiB time=00:00:24.96 bitrate= 107.8kbits/s speed=17.3x elapsed=0:00:01.44    
[libx264 @ 0xc00c30a80] frame I:4     Avg QP:17.50  size: 17885
[libx264 @ 0xc00c30a80] frame P:189   Avg QP:19.06  size:   609
[libx264 @ 0xc00c30a80] frame B:558   Avg QP:21.46  size:   249
[libx264 @ 0xc00c30a80] consecutive B-frames:  0.5%  0.8%  1.2% 97.5%
[libx264 @ 0xc00c30a80] mb I  I16..4: 19.9% 70.2%  9.9%
[libx264 @ 0xc00c30a80] mb P  I16..4:  0.1%  0.1%  0.1%  P16..4:  0.4%  0.2%  0.1%  0.0%  0.0%    skip:99.1%
[libx264 @ 0xc00c30a80] mb B  I16..4:  0.0%  0.0%  0.0%  B16..8:  0.7%  0.2%  0.1%  direct: 0.0%  skip:99.0%  L0:54.0% L1:40.5% BI: 5.5%
[libx264 @ 0xc00c30a80] 8x8 transform intra:66.6% inter:6.1%
[libx264 @ 0xc00c30a80] coded y,uvDC,uvAC intra: 7.4% 9.1% 7.7% inter: 0.2% 0.0% 0.0%
[libx264 @ 0xc00c30a80] i16 v,h,dc,p: 63% 28%  9%  0%
[libx264 @ 0xc00c30a80] i8 v,h,dc,ddl,ddr,vr,hd,vl,hu: 70% 10% 20%  0%  0%  0%  0%  0%  0%
[libx264 @ 0xc00c30a80] i4 v,h,dc,ddl,ddr,vr,hd,vl,hu: 40% 17% 21%  3%  3%  4%  3%  5%  3%
[libx264 @ 0xc00c30a80] i8c dc,h,v,p: 86%  9%  5%  0%
[libx264 @ 0xc00c30a80] Weighted P-Frames: Y:0.0% UV:0.0%
[libx264 @ 0xc00c30a80] ref P L0: 64.4%  3.9% 15.7% 16.0%
[libx264 @ 0xc00c30a80] ref B L0: 61.7% 36.3%  2.0%
[libx264 @ 0xc00c30a80] ref B L1: 84.6% 15.4%
[libx264 @ 0xc00c30a80] kb/s:104.10
