Godot Engine v4.6.2.stable.official.71f334935 - https://godotengine.org

[   0% ] [90m[1mfirst_scan_filesystem[22m | Started Project initialization (5 steps)[39m[0m
[   0% ] [90m[1mfirst_scan_filesystem[22m | Scanning file structure...[39m[0m
[  16% ] [90m[1mfirst_scan_filesystem[22m | Loading global class names...[39m[0m
[  33% ] [90m[1mfirst_scan_filesystem[22m | Verifying GDExtensions...[39m[0m
[  50% ] [90m[1mfirst_scan_filesystem[22m | Creating autoload scripts...[39m[0m
[  66% ] [90m[1mfirst_scan_filesystem[22m | Initializing plugins...[39m[0m
[  83% ] [90m[1mfirst_scan_filesystem[22m | Starting file scan...[39m[0m
[92m[ DONE ][39m [1mfirst_scan_filesystem[22m
[0m
[   0% ] [90m[1m_update_scan_actions[22m | Started Scanning actions... (21 steps)[39m[0m
[   0% ] [90m[1m_update_scan_actions[22m | assembled.png[39m[0m
[   4% ] [90m[1m_update_scan_actions[22m | far_arm.png[39m[0m
[   9% ] [90m[1m_update_scan_actions[22m | far_leg.png[39m[0m
[  13% ] [90m[1m_update_scan_actions[22m | head.png[39m[0m
[  18% ] [90m[1m_update_scan_actions[22m | near_arm.png[39m[0m
[  22% ] [90m[1m_update_scan_actions[22m | near_leg.png[39m[0m
[  27% ] [90m[1m_update_scan_actions[22m | torso.png[39m[0m
[  31% ] [90m[1m_update_scan_actions[22m | assembled.png[39m[0m
[  36% ] [90m[1m_update_scan_actions[22m | far_arm.png[39m[0m
[  40% ] [90m[1m_update_scan_actions[22m | far_leg.png[39m[0m
[  45% ] [90m[1m_update_scan_actions[22m | head.png[39m[0m
[  50% ] [90m[1m_update_scan_actions[22m | near_arm.png[39m[0m
[  54% ] [90m[1m_update_scan_actions[22m | near_leg.png[39m[0m
[  59% ] [90m[1m_update_scan_actions[22m | torso.png[39m[0m
[  63% ] [90m[1m_update_scan_actions[22m | assembled.png[39m[0m
[  68% ] [90m[1m_update_scan_actions[22m | far_arm.png[39m[0m
[  72% ] [90m[1m_update_scan_actions[22m | far_leg.png[39m[0m
[  77% ] [90m[1m_update_scan_actions[22m | head.png[39m[0m
[  81% ] [90m[1m_update_scan_actions[22m | near_arm.png[39m[0m
[  86% ] [90m[1m_update_scan_actions[22m | near_leg.png[39m[0m
[  90% ] [90m[1m_update_scan_actions[22m | torso.png[39m[0m
[92m[ DONE ][39m [1m_update_scan_actions[22m
[0m
[   0% ] [90m[1mreimport[22m | Started (Re)Importing Assets (9 steps)[39m[0m
[   0% ] [90m[1mreimport[22m | Preparing files to reimport...[39m[0m
[  10% ] [90m[1mreimport[22m | Preparing files to reimport...[39m[0m
[  20% ] [90m[1mreimport[22m | Preparing files to reimport...[39m[0m
[  30% ] [90m[1mreimport[22m | Preparing files to reimport...[39m[0m
[  40% ] [90m[1mreimport[22m | Preparing files to reimport...[39m[0m
[  50% ] [90m[1mreimport[22m | Preparing files to reimport...[39m[0m
[  60% ] [90m[1mreimport[22m | Preparing files to reimport...[39m[0m
[  70% ] [90m[1mreimport[22m | Preparing files to reimport...[39m[0m
[  80% ] [90m[1mreimport[22m | Preparing files to reimport...[39m[0m
[   0% ] [90m[1mreimport[22m | Executing pre-reimport operations...[39m[0m
[   0% ] [90m[1mreimport[22m | assembled.png[39m[0m
[  10% ] [90m[1mreimport[22m | far_arm.png[39m[0m
[  20% ] [90m[1mreimport[22m | near_arm.png[39m[0m
[  30% ] [90m[1mreimport[22m | assembled.png[39m[0m
[  40% ] [90m[1mreimport[22m | far_arm.png[39m[0m
[  50% ] [90m[1mreimport[22m | near_arm.png[39m[0m
[  60% ] [90m[1mreimport[22m | assembled.png[39m[0m
[  70% ] [90m[1mreimport[22m | far_arm.png[39m[0m
[  80% ] [90m[1mreimport[22m | near_arm.png[39m[0m
[  90% ] [90m[1mreimport[22m | Finalizing Asset Import...[39m[0m
[92m[ DONE ][39m [1mreimport[22m
[0m
[   0% ] [90m[1mreimport[22m | Started (Re)Importing Assets (9 steps)[39m[0m
[   0% ] [90m[1mreimport[22m | Executing post-reimport operations...[39m[0m
[92m[ DONE ][39m [1mreimport[22m
[0m
[   0% ] [90m[1mloading_editor_layout[22m | Started Loading editor (5 steps)[39m[0m
[   0% ] [90m[1mloading_editor_layout[22m | Loading editor layout...[39m[0m
[  16% ] [90m[1mloading_editor_layout[22m | Loading docks...[39m[0m
[92m[ DONE ][39m [1mloading_editor_layout[22m
[0m
