Godot Engine v4.6.2.stable.official.71f334935 - https://godotengine.org
OpenGL API 4.1 Metal - 91.7 - Compatibility - Using Device: Apple - Apple M3 Pro

R1_DISPLAY {"canvas_scale":"(1.0, 1.0)","screen_scale":2.0,"viewport":"(1280.0, 720.0)","window":"(1280, 720)"}
R1_ACTION {"action":"receive","ok":true,"phase":"prep","report":{"cash":55000,"cost":0,"investment":0,"margin":0,"missed":0,"remaining":6,"revenue":0,"sold":0,"unavailable":0}}
SCRIPT ERROR: Invalid access to property or key 'popup_hide' on a base object of type 'AcceptDialog'.
          at: <anonymous lambda> (res://main.gd:241)
          GDScript backtrace (most recent call first):
              [0] <anonymous lambda> (res://main.gd:241)
              [1] press (res://scripts/test_week_scene.gd:174)
              [2] run (res://scripts/clarity_capture.gd:25)
              [3] snap (res://scripts/clarity_capture.gd:14)
              [4] frames (res://scripts/test_encounter.gd:8)
ERROR: ordinary button activated OK
   at: push_error (core/variant/variant_utility.cpp:1024)
   GDScript backtrace (most recent call first):
       [0] check (res://scripts/test_week_scene.gd:13)
       [1] press (res://scripts/test_week_scene.gd:179)
       [2] frames (res://scripts/test_encounter.gd:8)
WARNING: ObjectDB instances leaked at exit (run with --verbose for details).
     at: cleanup (core/object/object.cpp:2641)
