Godot Engine v4.6.2.stable.official.71f334935 - https://godotengine.org

R1_DISPLAY {"canvas_scale":"(1.0, 1.0)","screen_scale":1.0,"viewport":"(1280.0, 720.0)","window":"(0, 0)"}
R1_ACTION {"action":"receive","ok":true,"phase":"prep","report":{"cash":55000,"cost":0,"investment":0,"margin":0,"missed":0,"remaining":6,"revenue":0,"sold":0,"unavailable":0}}
R1_ACTION {"action":"reprice","ok":true,"phase":"prep","report":{"cash":49000,"cost":0,"investment":6000,"margin":0,"missed":0,"remaining":6,"revenue":0,"sold":0,"unavailable":0}}
R1_ACTION {"action":"reprice","ok":true,"phase":"prep","report":{"cash":49000,"cost":0,"investment":6000,"margin":0,"missed":0,"remaining":6,"revenue":0,"sold":0,"unavailable":0}}
R1_ACTION {"action":"reprice","ok":true,"phase":"prep","report":{"cash":49000,"cost":0,"investment":6000,"margin":0,"missed":0,"remaining":6,"revenue":0,"sold":0,"unavailable":0}}
R1_ACTION {"action":"stock","ok":true,"phase":"prep","report":{"cash":49000,"cost":0,"investment":6000,"margin":0,"missed":0,"remaining":6,"revenue":0,"sold":0,"unavailable":0}}
R1_ACTION {"action":"stock","ok":true,"phase":"prep","report":{"cash":49000,"cost":0,"investment":6000,"margin":0,"missed":0,"remaining":6,"revenue":0,"sold":0,"unavailable":0}}
R1_ACTION {"action":"stock","ok":true,"phase":"prep","report":{"cash":49000,"cost":0,"investment":6000,"margin":0,"missed":0,"remaining":6,"revenue":0,"sold":0,"unavailable":0}}
R1_ACTION {"action":"stock","ok":true,"phase":"prep","report":{"cash":49000,"cost":0,"investment":6000,"margin":0,"missed":0,"remaining":6,"revenue":0,"sold":0,"unavailable":0}}
R1_ACTION {"action":"stock","ok":true,"phase":"prep","report":{"cash":49000,"cost":0,"investment":6000,"margin":0,"missed":0,"remaining":6,"revenue":0,"sold":0,"unavailable":0}}
R1_ACTION {"action":"stock","ok":true,"phase":"prep","report":{"cash":49000,"cost":0,"investment":6000,"margin":0,"missed":0,"remaining":6,"revenue":0,"sold":0,"unavailable":0}}
R1_ACTION {"action":"open","ok":true,"phase":"open","report":{"cash":49000,"cost":0,"investment":6000,"margin":0,"missed":0,"remaining":6,"revenue":0,"sold":0,"unavailable":0}}
R1_ACTION {"action":"close","ok":true,"phase":"closing","report":{"cash":49000,"cost":0,"investment":6000,"margin":0,"missed":3,"remaining":6,"revenue":0,"sold":0,"unavailable":0}}
R1_ACTION {"action":"finalize","ok":true,"phase":"report","report":{"cash":49000,"cost":0,"investment":6000,"margin":0,"missed":3,"remaining":6,"revenue":0,"sold":0,"unavailable":0}}
R1_ACTION {"action":"reprice","ok":true,"phase":"prep","report":{"cash":49000,"cost":0,"investment":6000,"margin":0,"missed":0,"remaining":6,"revenue":0,"sold":0,"unavailable":0}}
R1_ACTION {"action":"reprice","ok":true,"phase":"prep","report":{"cash":49000,"cost":0,"investment":6000,"margin":0,"missed":0,"remaining":6,"revenue":0,"sold":0,"unavailable":0}}
R1_ACTION {"action":"reprice","ok":true,"phase":"prep","report":{"cash":49000,"cost":0,"investment":6000,"margin":0,"missed":0,"remaining":6,"revenue":0,"sold":0,"unavailable":0}}
R1_ACTION {"action":"open","ok":true,"phase":"open","report":{"cash":49000,"cost":0,"investment":6000,"margin":0,"missed":0,"remaining":6,"revenue":0,"sold":0,"unavailable":0}}
R1_ACTION {"action":"sale","ok":true,"phase":"open","report":{"cash":51000,"cost":800,"investment":6000,"margin":1200,"missed":0,"remaining":5,"revenue":2000,"sold":1,"unavailable":0}}
R1_ACTION {"action":"sale","ok":true,"phase":"open","report":{"cash":53600,"cost":2000,"investment":6000,"margin":2600,"missed":0,"remaining":4,"revenue":4600,"sold":2,"unavailable":0}}
R1_ACTION {"action":"inspect","ok":true,"phase":"open","report":{"cash":53600,"cost":2000,"investment":6000,"margin":2600,"missed":0,"remaining":4,"revenue":4600,"sold":2,"unavailable":0}}
R1_ACTION {"action":"sale","ok":true,"phase":"open","report":{"cash":55000,"cost":2500,"investment":6000,"margin":3500,"missed":0,"remaining":3,"revenue":6000,"sold":3,"unavailable":0}}
R1_ACTION {"action":"close","ok":true,"phase":"closing","report":{"cash":55000,"cost":2500,"investment":6000,"margin":3500,"missed":1,"remaining":3,"revenue":6000,"sold":3,"unavailable":0}}
R1_ACTION {"action":"finalize","ok":true,"phase":"report","report":{"cash":55000,"cost":2500,"investment":6000,"margin":3500,"missed":1,"remaining":3,"revenue":6000,"sold":3,"unavailable":0}}
R1_ACTION {"action":"load","ok":true,"phase":"prep","report":{"cash":53700,"cost":0,"investment":6000,"margin":0,"missed":0,"remaining":3,"revenue":0,"sold":0,"unavailable":0}}
R1_ACTION {"action":"receive","ok":true,"phase":"prep","report":{"cash":53700,"cost":0,"investment":6000,"margin":0,"missed":0,"remaining":5,"revenue":0,"sold":0,"unavailable":0}}
R1_ACTION {"action":"reprice","ok":true,"phase":"prep","report":{"cash":53700,"cost":0,"investment":6000,"margin":0,"missed":0,"remaining":5,"revenue":0,"sold":0,"unavailable":0}}
R1_ACTION {"action":"reprice","ok":true,"phase":"prep","report":{"cash":53700,"cost":0,"investment":6000,"margin":0,"missed":0,"remaining":5,"revenue":0,"sold":0,"unavailable":0}}
R1_ACTION {"action":"reprice","ok":true,"phase":"prep","report":{"cash":53700,"cost":0,"investment":6000,"margin":0,"missed":0,"remaining":5,"revenue":0,"sold":0,"unavailable":0}}
R1_ACTION {"action":"stock","ok":true,"phase":"prep","report":{"cash":53700,"cost":0,"investment":6000,"margin":0,"missed":0,"remaining":5,"revenue":0,"sold":0,"unavailable":0}}
R1_ACTION {"action":"stock","ok":true,"phase":"prep","report":{"cash":53700,"cost":0,"investment":6000,"margin":0,"missed":0,"remaining":5,"revenue":0,"sold":0,"unavailable":0}}
R1_ACTION {"action":"open","ok":true,"phase":"open","report":{"cash":53700,"cost":0,"investment":6000,"margin":0,"missed":0,"remaining":5,"revenue":0,"sold":0,"unavailable":0}}
R1_ACTION {"action":"sale","ok":true,"phase":"open","report":{"cash":55500,"cost":800,"investment":6000,"margin":1000,"missed":0,"remaining":4,"revenue":1800,"sold":1,"unavailable":0}}
R1_ACTION {"action":"sale","ok":true,"phase":"open","report":{"cash":57840,"cost":2000,"investment":6000,"margin":2140,"missed":0,"remaining":3,"revenue":4140,"sold":2,"unavailable":0}}
R1_ACTION {"action":"inspect","ok":true,"phase":"open","report":{"cash":57840,"cost":2000,"investment":6000,"margin":2140,"missed":0,"remaining":3,"revenue":4140,"sold":2,"unavailable":0}}
R1_ACTION {"action":"sale","ok":true,"phase":"open","report":{"cash":59100,"cost":2500,"investment":6000,"margin":2900,"missed":0,"remaining":2,"revenue":5400,"sold":3,"unavailable":0}}
R1_ACTION {"action":"sale","ok":true,"phase":"open","report":{"cash":60900,"cost":3300,"investment":6000,"margin":3900,"missed":0,"remaining":1,"revenue":7200,"sold":4,"unavailable":0}}
R1_ACTION {"action":"sale","ok":true,"phase":"open","report":{"cash":62160,"cost":3800,"investment":6000,"margin":4660,"missed":0,"remaining":0,"revenue":8460,"sold":5,"unavailable":0}}
R1_ACTION {"action":"close","ok":true,"phase":"closing","report":{"cash":62160,"cost":3800,"investment":6000,"margin":4660,"missed":0,"remaining":0,"revenue":8460,"sold":5,"unavailable":0}}
R1_ACTION {"action":"finalize","ok":true,"phase":"report","report":{"cash":62160,"cost":3800,"investment":6000,"margin":4660,"missed":0,"remaining":0,"revenue":8460,"sold":5,"unavailable":0}}
R1_ACTION {"action":"load","ok":true,"phase":"report","report":{"cash":62160,"cost":3800,"investment":6000,"margin":4660,"missed":0,"remaining":0,"revenue":8460,"sold":5,"unavailable":0}}
R1_ACTION {"action":"load","ok":true,"phase":"prep","report":{"cash":56360,"cost":0,"investment":6000,"margin":0,"missed":0,"remaining":0,"revenue":0,"sold":0,"unavailable":0}}
R1_ACTION {"action":"receive","ok":true,"phase":"prep","report":{"cash":56360,"cost":0,"investment":6000,"margin":0,"missed":0,"remaining":6,"revenue":0,"sold":0,"unavailable":0}}
R1_ACTION {"action":"reprice","ok":true,"phase":"prep","report":{"cash":56360,"cost":0,"investment":6000,"margin":0,"missed":0,"remaining":6,"revenue":0,"sold":0,"unavailable":0}}
R1_ACTION {"action":"reprice","ok":true,"phase":"prep","report":{"cash":56360,"cost":0,"investment":6000,"margin":0,"missed":0,"remaining":6,"revenue":0,"sold":0,"unavailable":0}}
R1_ACTION {"action":"reprice","ok":true,"phase":"prep","report":{"cash":56360,"cost":0,"investment":6000,"margin":0,"missed":0,"remaining":6,"revenue":0,"sold":0,"unavailable":0}}
R1_ACTION {"action":"reprice","ok":true,"phase":"prep","report":{"cash":56360,"cost":0,"investment":6000,"margin":0,"missed":0,"remaining":6,"revenue":0,"sold":0,"unavailable":0}}
R1_ACTION {"action":"stock","ok":true,"phase":"prep","report":{"cash":56360,"cost":0,"investment":6000,"margin":0,"missed":0,"remaining":6,"revenue":0,"sold":0,"unavailable":0}}
R1_ACTION {"action":"stock","ok":true,"phase":"prep","report":{"cash":56360,"cost":0,"investment":6000,"margin":0,"missed":0,"remaining":6,"revenue":0,"sold":0,"unavailable":0}}
R1_ACTION {"action":"stock","ok":true,"phase":"prep","report":{"cash":56360,"cost":0,"investment":6000,"margin":0,"missed":0,"remaining":6,"revenue":0,"sold":0,"unavailable":0}}
R1_ACTION {"action":"stock","ok":true,"phase":"prep","report":{"cash":56360,"cost":0,"investment":6000,"margin":0,"missed":0,"remaining":6,"revenue":0,"sold":0,"unavailable":0}}
R1_ACTION {"action":"stock","ok":true,"phase":"prep","report":{"cash":56360,"cost":0,"investment":6000,"margin":0,"missed":0,"remaining":6,"revenue":0,"sold":0,"unavailable":0}}
R1_ACTION {"action":"stock","ok":true,"phase":"prep","report":{"cash":56360,"cost":0,"investment":6000,"margin":0,"missed":0,"remaining":6,"revenue":0,"sold":0,"unavailable":0}}
R1_ACTION {"action":"open","ok":true,"phase":"open","report":{"cash":56360,"cost":0,"investment":6000,"margin":0,"missed":0,"remaining":6,"revenue":0,"sold":0,"unavailable":0}}
R1_ACTION {"action":"sale","ok":true,"phase":"open","report":{"cash":58160,"cost":800,"investment":6000,"margin":1000,"missed":0,"remaining":5,"revenue":1800,"sold":1,"unavailable":0}}
R1_ACTION {"action":"sale","ok":true,"phase":"open","report":{"cash":60500,"cost":2000,"investment":6000,"margin":2140,"missed":0,"remaining":4,"revenue":4140,"sold":2,"unavailable":0}}
R1_ACTION {"action":"inspect","ok":true,"phase":"open","report":{"cash":60500,"cost":2000,"investment":6000,"margin":2140,"missed":0,"remaining":4,"revenue":4140,"sold":2,"unavailable":0}}
R1_ACTION {"action":"sale","ok":true,"phase":"open","report":{"cash":61760,"cost":2500,"investment":6000,"margin":2900,"missed":0,"remaining":3,"revenue":5400,"sold":3,"unavailable":0}}
R1_ACTION {"action":"sale","ok":true,"phase":"open","report":{"cash":64460,"cost":4100,"investment":6000,"margin":4000,"missed":0,"remaining":2,"revenue":8100,"sold":4,"unavailable":0}}
R1_ACTION {"action":"sale","ok":true,"phase":"open","report":{"cash":65720,"cost":4600,"investment":6000,"margin":4760,"missed":0,"remaining":1,"revenue":9360,"sold":5,"unavailable":0}}
R1_ACTION {"action":"sale","ok":true,"phase":"open","report":{"cash":68060,"cost":5800,"investment":6000,"margin":5900,"missed":0,"remaining":0,"revenue":11700,"sold":6,"unavailable":0}}
R1_ACTION {"action":"close","ok":true,"phase":"closing","report":{"cash":68060,"cost":5800,"investment":6000,"margin":5900,"missed":0,"remaining":0,"revenue":11700,"sold":6,"unavailable":0}}
R1_ACTION {"action":"finalize","ok":true,"phase":"report","report":{"cash":68060,"cost":5800,"investment":6000,"margin":5900,"missed":0,"remaining":0,"revenue":11700,"sold":6,"unavailable":0}}
R1_ACTION {"action":"load","ok":true,"phase":"prep","report":{"cash":61460,"cost":0,"investment":6000,"margin":0,"missed":0,"remaining":0,"revenue":0,"sold":0,"unavailable":0}}
R1_ACTION {"action":"receive","ok":true,"phase":"prep","report":{"cash":61460,"cost":0,"investment":6000,"margin":0,"missed":0,"remaining":7,"revenue":0,"sold":0,"unavailable":0}}
R1_ACTION {"action":"reprice","ok":true,"phase":"prep","report":{"cash":61460,"cost":0,"investment":6000,"margin":0,"missed":0,"remaining":7,"revenue":0,"sold":0,"unavailable":0}}
R1_ACTION {"action":"reprice","ok":true,"phase":"prep","report":{"cash":61460,"cost":0,"investment":6000,"margin":0,"missed":0,"remaining":7,"revenue":0,"sold":0,"unavailable":0}}
R1_ACTION {"action":"reprice","ok":true,"phase":"prep","report":{"cash":61460,"cost":0,"investment":6000,"margin":0,"missed":0,"remaining":7,"revenue":0,"sold":0,"unavailable":0}}
R1_ACTION {"action":"reprice","ok":true,"phase":"prep","report":{"cash":61460,"cost":0,"investment":6000,"margin":0,"missed":0,"remaining":7,"revenue":0,"sold":0,"unavailable":0}}
R1_ACTION {"action":"stock","ok":true,"phase":"prep","report":{"cash":61460,"cost":0,"investment":6000,"margin":0,"missed":0,"remaining":7,"revenue":0,"sold":0,"unavailable":0}}
R1_ACTION {"action":"stock","ok":true,"phase":"prep","report":{"cash":61460,"cost":0,"investment":6000,"margin":0,"missed":0,"remaining":7,"revenue":0,"sold":0,"unavailable":0}}
R1_ACTION {"action":"stock","ok":true,"phase":"prep","report":{"cash":61460,"cost":0,"investment":6000,"margin":0,"missed":0,"remaining":7,"revenue":0,"sold":0,"unavailable":0}}
R1_ACTION {"action":"stock","ok":true,"phase":"prep","report":{"cash":61460,"cost":0,"investment":6000,"margin":0,"missed":0,"remaining":7,"revenue":0,"sold":0,"unavailable":0}}
R1_ACTION {"action":"stock","ok":true,"phase":"prep","report":{"cash":61460,"cost":0,"investment":6000,"margin":0,"missed":0,"remaining":7,"revenue":0,"sold":0,"unavailable":0}}
R1_ACTION {"action":"stock","ok":true,"phase":"prep","report":{"cash":61460,"cost":0,"investment":6000,"margin":0,"missed":0,"remaining":7,"revenue":0,"sold":0,"unavailable":0}}
R1_ACTION {"action":"stock","ok":true,"phase":"prep","report":{"cash":61460,"cost":0,"investment":6000,"margin":0,"missed":0,"remaining":7,"revenue":0,"sold":0,"unavailable":0}}
R1_ACTION {"action":"open","ok":true,"phase":"open","report":{"cash":61460,"cost":0,"investment":6000,"margin":0,"missed":0,"remaining":7,"revenue":0,"sold":0,"unavailable":0}}
R1_ACTION {"action":"sale","ok":true,"phase":"open","report":{"cash":63260,"cost":800,"investment":6000,"margin":1000,"missed":0,"remaining":6,"revenue":1800,"sold":1,"unavailable":0}}
R1_ACTION {"action":"sale","ok":true,"phase":"open","report":{"cash":65600,"cost":2000,"investment":6000,"margin":2140,"missed":0,"remaining":5,"revenue":4140,"sold":2,"unavailable":0}}
R1_ACTION {"action":"inspect","ok":true,"phase":"open","report":{"cash":65600,"cost":2000,"investment":6000,"margin":2140,"missed":0,"remaining":5,"revenue":4140,"sold":2,"unavailable":0}}
R1_ACTION {"action":"sale","ok":true,"phase":"open","report":{"cash":66860,"cost":2500,"investment":6000,"margin":2900,"missed":0,"remaining":4,"revenue":5400,"sold":3,"unavailable":0}}
R1_ACTION {"action":"sale","ok":true,"phase":"open","report":{"cash":69560,"cost":4100,"investment":6000,"margin":4000,"missed":0,"remaining":3,"revenue":8100,"sold":4,"unavailable":0}}
R1_ACTION {"action":"sale","ok":true,"phase":"open","report":{"cash":71900,"cost":5300,"investment":6000,"margin":5140,"missed":0,"remaining":2,"revenue":10440,"sold":5,"unavailable":0}}
R1_ACTION {"action":"sale","ok":true,"phase":"open","report":{"cash":73700,"cost":6100,"investment":6000,"margin":6140,"missed":0,"remaining":1,"revenue":12240,"sold":6,"unavailable":0}}
R1_ACTION {"action":"sale","ok":true,"phase":"open","report":{"cash":74960,"cost":6600,"investment":6000,"margin":6900,"missed":0,"remaining":0,"revenue":13500,"sold":7,"unavailable":0}}
R1_ACTION {"action":"close","ok":true,"phase":"closing","report":{"cash":74960,"cost":6600,"investment":6000,"margin":6900,"missed":0,"remaining":0,"revenue":13500,"sold":7,"unavailable":0}}
R1_ACTION {"action":"finalize","ok":true,"phase":"report","report":{"cash":74960,"cost":6600,"investment":6000,"margin":6900,"missed":0,"remaining":0,"revenue":13500,"sold":7,"unavailable":0}}
R1_ACTION {"action":"load","ok":true,"phase":"prep","report":{"cash":67360,"cost":0,"investment":6000,"margin":0,"missed":0,"remaining":0,"revenue":0,"sold":0,"unavailable":0}}
R1_ACTION {"action":"receive","ok":true,"phase":"prep","report":{"cash":67360,"cost":0,"investment":6000,"margin":0,"missed":0,"remaining":8,"revenue":0,"sold":0,"unavailable":0}}
R1_ACTION {"action":"reprice","ok":true,"phase":"prep","report":{"cash":67360,"cost":0,"investment":6000,"margin":0,"missed":0,"remaining":8,"revenue":0,"sold":0,"unavailable":0}}
R1_ACTION {"action":"reprice","ok":true,"phase":"prep","report":{"cash":67360,"cost":0,"investment":6000,"margin":0,"missed":0,"remaining":8,"revenue":0,"sold":0,"unavailable":0}}
R1_ACTION {"action":"reprice","ok":true,"phase":"prep","report":{"cash":67360,"cost":0,"investment":6000,"margin":0,"missed":0,"remaining":8,"revenue":0,"sold":0,"unavailable":0}}
R1_ACTION {"action":"reprice","ok":true,"phase":"prep","report":{"cash":67360,"cost":0,"investment":6000,"margin":0,"missed":0,"remaining":8,"revenue":0,"sold":0,"unavailable":0}}
R1_ACTION {"action":"reprice","ok":true,"phase":"prep","report":{"cash":67360,"cost":0,"investment":6000,"margin":0,"missed":0,"remaining":8,"revenue":0,"sold":0,"unavailable":0}}
R1_ACTION {"action":"stock","ok":true,"phase":"prep","report":{"cash":67360,"cost":0,"investment":6000,"margin":0,"missed":0,"remaining":8,"revenue":0,"sold":0,"unavailable":0}}
R1_ACTION {"action":"stock","ok":true,"phase":"prep","report":{"cash":67360,"cost":0,"investment":6000,"margin":0,"missed":0,"remaining":8,"revenue":0,"sold":0,"unavailable":0}}
R1_ACTION {"action":"stock","ok":true,"phase":"prep","report":{"cash":67360,"cost":0,"investment":6000,"margin":0,"missed":0,"remaining":8,"revenue":0,"sold":0,"unavailable":0}}
R1_ACTION {"action":"stock","ok":true,"phase":"prep","report":{"cash":67360,"cost":0,"investment":6000,"margin":0,"missed":0,"remaining":8,"revenue":0,"sold":0,"unavailable":0}}
R1_ACTION {"action":"stock","ok":true,"phase":"prep","report":{"cash":67360,"cost":0,"investment":6000,"margin":0,"missed":0,"remaining":8,"revenue":0,"sold":0,"unavailable":0}}
R1_ACTION {"action":"stock","ok":true,"phase":"prep","report":{"cash":67360,"cost":0,"investment":6000,"margin":0,"missed":0,"remaining":8,"revenue":0,"sold":0,"unavailable":0}}
R1_ACTION {"action":"stock","ok":true,"phase":"prep","report":{"cash":67360,"cost":0,"investment":6000,"margin":0,"missed":0,"remaining":8,"revenue":0,"sold":0,"unavailable":0}}
R1_ACTION {"action":"stock","ok":true,"phase":"prep","report":{"cash":67360,"cost":0,"investment":6000,"margin":0,"missed":0,"remaining":8,"revenue":0,"sold":0,"unavailable":0}}
R1_ACTION {"action":"open","ok":true,"phase":"open","report":{"cash":67360,"cost":0,"investment":6000,"margin":0,"missed":0,"remaining":8,"revenue":0,"sold":0,"unavailable":0}}
R1_ACTION {"action":"sale","ok":true,"phase":"open","report":{"cash":69160,"cost":800,"investment":6000,"margin":1000,"missed":0,"remaining":7,"revenue":1800,"sold":1,"unavailable":0}}
R1_ACTION {"action":"sale","ok":true,"phase":"open","report":{"cash":71500,"cost":2000,"investment":6000,"margin":2140,"missed":0,"remaining":6,"revenue":4140,"sold":2,"unavailable":0}}
R1_ACTION {"action":"inspect","ok":true,"phase":"open","report":{"cash":71500,"cost":2000,"investment":6000,"margin":2140,"missed":0,"remaining":6,"revenue":4140,"sold":2,"unavailable":0}}
R1_ACTION {"action":"sale","ok":true,"phase":"open","report":{"cash":72760,"cost":2500,"investment":6000,"margin":2900,"missed":0,"remaining":5,"revenue":5400,"sold":3,"unavailable":0}}
R1_ACTION {"action":"sale","ok":true,"phase":"open","report":{"cash":75460,"cost":4100,"investment":6000,"margin":4000,"missed":0,"remaining":4,"revenue":8100,"sold":4,"unavailable":0}}
R1_ACTION {"action":"sale","ok":true,"phase":"open","report":{"cash":77620,"cost":5100,"investment":6000,"margin":5160,"missed":0,"remaining":3,"revenue":10260,"sold":5,"unavailable":0}}
R1_ACTION {"action":"sale","ok":true,"phase":"open","report":{"cash":79420,"cost":5900,"investment":6000,"margin":6160,"missed":0,"remaining":2,"revenue":12060,"sold":6,"unavailable":0}}
R1_ACTION {"action":"sale","ok":true,"phase":"open","report":{"cash":81760,"cost":7100,"investment":6000,"margin":7300,"missed":0,"remaining":1,"revenue":14400,"sold":7,"unavailable":0}}
R1_ACTION {"action":"sale","ok":true,"phase":"open","report":{"cash":83020,"cost":7600,"investment":6000,"margin":8060,"missed":0,"remaining":0,"revenue":15660,"sold":8,"unavailable":0}}
R1_ACTION {"action":"close","ok":true,"phase":"closing","report":{"cash":83020,"cost":7600,"investment":6000,"margin":8060,"missed":0,"remaining":0,"revenue":15660,"sold":8,"unavailable":0}}
R1_ACTION {"action":"finalize","ok":true,"phase":"report","report":{"cash":83020,"cost":7600,"investment":6000,"margin":8060,"missed":0,"remaining":0,"revenue":15660,"sold":8,"unavailable":0}}
R1_ACTION {"action":"load","ok":true,"phase":"prep","report":{"cash":75420,"cost":0,"investment":6000,"margin":0,"missed":0,"remaining":0,"revenue":0,"sold":0,"unavailable":0}}
R1_ACTION {"action":"receive","ok":true,"phase":"prep","report":{"cash":75420,"cost":0,"investment":6000,"margin":0,"missed":0,"remaining":8,"revenue":0,"sold":0,"unavailable":0}}
R1_ACTION {"action":"reprice","ok":true,"phase":"prep","report":{"cash":75420,"cost":0,"investment":6000,"margin":0,"missed":0,"remaining":8,"revenue":0,"sold":0,"unavailable":0}}
R1_ACTION {"action":"reprice","ok":true,"phase":"prep","report":{"cash":75420,"cost":0,"investment":6000,"margin":0,"missed":0,"remaining":8,"revenue":0,"sold":0,"unavailable":0}}
R1_ACTION {"action":"reprice","ok":true,"phase":"prep","report":{"cash":75420,"cost":0,"investment":6000,"margin":0,"missed":0,"remaining":8,"revenue":0,"sold":0,"unavailable":0}}
R1_ACTION {"action":"reprice","ok":true,"phase":"prep","report":{"cash":75420,"cost":0,"investment":6000,"margin":0,"missed":0,"remaining":8,"revenue":0,"sold":0,"unavailable":0}}
R1_ACTION {"action":"reprice","ok":true,"phase":"prep","report":{"cash":75420,"cost":0,"investment":6000,"margin":0,"missed":0,"remaining":8,"revenue":0,"sold":0,"unavailable":0}}
R1_ACTION {"action":"stock","ok":true,"phase":"prep","report":{"cash":75420,"cost":0,"investment":6000,"margin":0,"missed":0,"remaining":8,"revenue":0,"sold":0,"unavailable":0}}
R1_ACTION {"action":"stock","ok":true,"phase":"prep","report":{"cash":75420,"cost":0,"investment":6000,"margin":0,"missed":0,"remaining":8,"revenue":0,"sold":0,"unavailable":0}}
R1_ACTION {"action":"stock","ok":true,"phase":"prep","report":{"cash":75420,"cost":0,"investment":6000,"margin":0,"missed":0,"remaining":8,"revenue":0,"sold":0,"unavailable":0}}
R1_ACTION {"action":"stock","ok":true,"phase":"prep","report":{"cash":75420,"cost":0,"investment":6000,"margin":0,"missed":0,"remaining":8,"revenue":0,"sold":0,"unavailable":0}}
R1_ACTION {"action":"stock","ok":true,"phase":"prep","report":{"cash":75420,"cost":0,"investment":6000,"margin":0,"missed":0,"remaining":8,"revenue":0,"sold":0,"unavailable":0}}
R1_ACTION {"action":"stock","ok":true,"phase":"prep","report":{"cash":75420,"cost":0,"investment":6000,"margin":0,"missed":0,"remaining":8,"revenue":0,"sold":0,"unavailable":0}}
R1_ACTION {"action":"stock","ok":true,"phase":"prep","report":{"cash":75420,"cost":0,"investment":6000,"margin":0,"missed":0,"remaining":8,"revenue":0,"sold":0,"unavailable":0}}
R1_ACTION {"action":"stock","ok":true,"phase":"prep","report":{"cash":75420,"cost":0,"investment":6000,"margin":0,"missed":0,"remaining":8,"revenue":0,"sold":0,"unavailable":0}}
R1_ACTION {"action":"open","ok":true,"phase":"open","report":{"cash":75420,"cost":0,"investment":6000,"margin":0,"missed":0,"remaining":8,"revenue":0,"sold":0,"unavailable":0}}
R1_ACTION {"action":"sale","ok":true,"phase":"open","report":{"cash":77220,"cost":800,"investment":6000,"margin":1000,"missed":0,"remaining":7,"revenue":1800,"sold":1,"unavailable":0}}
R1_ACTION {"action":"sale","ok":true,"phase":"open","report":{"cash":79560,"cost":2000,"investment":6000,"margin":2140,"missed":0,"remaining":6,"revenue":4140,"sold":2,"unavailable":0}}
R1_ACTION {"action":"inspect","ok":true,"phase":"open","report":{"cash":79560,"cost":2000,"investment":6000,"margin":2140,"missed":0,"remaining":6,"revenue":4140,"sold":2,"unavailable":0}}
R1_ACTION {"action":"sale","ok":true,"phase":"open","report":{"cash":80820,"cost":2500,"investment":6000,"margin":2900,"missed":0,"remaining":5,"revenue":5400,"sold":3,"unavailable":0}}
R1_ACTION {"action":"sale","ok":true,"phase":"open","report":{"cash":83520,"cost":4100,"investment":6000,"margin":4000,"missed":0,"remaining":4,"revenue":8100,"sold":4,"unavailable":0}}
R1_ACTION {"action":"sale","ok":true,"phase":"open","report":{"cash":85680,"cost":5100,"investment":6000,"margin":5160,"missed":0,"remaining":3,"revenue":10260,"sold":5,"unavailable":0}}
R1_ACTION {"action":"sale","ok":true,"phase":"open","report":{"cash":86940,"cost":5600,"investment":6000,"margin":5920,"missed":0,"remaining":2,"revenue":11520,"sold":6,"unavailable":0}}
R1_ACTION {"action":"sale","ok":true,"phase":"open","report":{"cash":88740,"cost":6400,"investment":6000,"margin":6920,"missed":0,"remaining":1,"revenue":13320,"sold":7,"unavailable":0}}
R1_ACTION {"action":"sale","ok":true,"phase":"open","report":{"cash":91080,"cost":7600,"investment":6000,"margin":8060,"missed":0,"remaining":0,"revenue":15660,"sold":8,"unavailable":0}}
R1_ACTION {"action":"close","ok":true,"phase":"closing","report":{"cash":91080,"cost":7600,"investment":6000,"margin":8060,"missed":0,"remaining":0,"revenue":15660,"sold":8,"unavailable":0}}
R1_ACTION {"action":"finalize","ok":true,"phase":"week_complete","report":{"cash":76080,"cost":7600,"investment":6000,"margin":8060,"missed":0,"remaining":0,"revenue":15660,"sold":8,"unavailable":0}}
B8_SCENE recovery 76080
