Godot Engine v4.6.2.stable.official.71f334935 - https://godotengine.org

R1_DISPLAY {"canvas_scale":"(1.0, 1.0)","screen_scale":1.0,"viewport":"(1280.0, 720.0)","window":"(0, 0)"}
ERROR: Can't take value from empty array.
   at: back (core/variant/array.cpp:360)
   GDScript backtrace (most recent call first):
       [0] dialog (res://scripts/test_assortment_scene.gd:53)
       [1] dismiss_dialog (res://scripts/test_week_scene.gd:36)
       [2] run (res://scripts/test_week_scene.gd:113)
       [3] frames (res://scripts/test_encounter.gd:8)
SCRIPT ERROR: Invalid call. Nonexistent function 'get_ok_button' in base 'Nil'.
          at: dismiss_dialog (res://scripts/test_week_scene.gd:36)
          GDScript backtrace (most recent call first):
              [0] dismiss_dialog (res://scripts/test_week_scene.gd:36)
              [1] run (res://scripts/test_week_scene.gd:113)
              [2] frames (res://scripts/test_encounter.gd:8)
R1_ACTION {"action":"receive","ok":true,"phase":"prep","report":{"cash":55000,"cost":0,"investment":0,"margin":0,"missed":0,"remaining":6,"revenue":0,"sold":0,"unavailable":0}}
R1_ACTION {"action":"reprice","ok":true,"phase":"prep","report":{"cash":49000,"cost":0,"investment":6000,"margin":0,"missed":0,"remaining":6,"revenue":0,"sold":0,"unavailable":0}}
R1_ACTION {"action":"reprice","ok":true,"phase":"prep","report":{"cash":49000,"cost":0,"investment":6000,"margin":0,"missed":0,"remaining":6,"revenue":0,"sold":0,"unavailable":0}}
R1_ACTION {"action":"reprice","ok":true,"phase":"prep","report":{"cash":49000,"cost":0,"investment":6000,"margin":0,"missed":0,"remaining":6,"revenue":0,"sold":0,"unavailable":0}}
R1_ACTION {"action":"stock","ok":true,"phase":"prep","report":{"cash":49000,"cost":0,"investment":6000,"margin":0,"missed":0,"remaining":6,"revenue":0,"sold":0,"unavailable":0}}
R1_ACTION {"action":"stock","ok":true,"phase":"prep","report":{"cash":49000,"cost":0,"investment":6000,"margin":0,"missed":0,"remaining":6,"revenue":0,"sold":0,"unavailable":0}}
R1_ACTION {"action":"stock","ok":true,"phase":"prep","report":{"cash":49000,"cost":0,"investment":6000,"margin":0,"missed":0,"remaining":6,"revenue":0,"sold":0,"unavailable":0}}
R1_ACTION {"action":"stock","ok":true,"phase":"prep","report":{"cash":49000,"cost":0,"investment":6000,"margin":0,"missed":0,"remaining":6,"revenue":0,"sold":0,"unavailable":0}}
R1_ACTION {"action":"stock","ok":true,"phase":"prep","report":{"cash":49000,"cost":0,"investment":6000,"margin":0,"missed":0,"remaining":6,"revenue":0,"sold":0,"unavailable":0}}
R1_ACTION {"action":"stock","ok":true,"phase":"prep","report":{"cash":49000,"cost":0,"investment":6000,"margin":0,"missed":0,"remaining":6,"revenue":0,"sold":0,"unavailable":0}}
R1_ACTION {"action":"open","ok":true,"phase":"open","report":{"cash":49000,"cost":0,"investment":6000,"margin":0,"missed":0,"remaining":6,"revenue":0,"sold":0,"unavailable":0}}
R1_ACTION {"action":"sale","ok":true,"phase":"open","report":{"cash":51000,"cost":800,"investment":6000,"margin":1200,"missed":0,"remaining":5,"revenue":2000,"sold":1,"unavailable":0}}
R1_ACTION {"action":"sale","ok":true,"phase":"open","report":{"cash":53600,"cost":2000,"investment":6000,"margin":2600,"missed":0,"remaining":4,"revenue":4600,"sold":2,"unavailable":0}}
R1_ACTION {"action":"sale","ok":true,"phase":"open","report":{"cash":55000,"cost":2500,"investment":6000,"margin":3500,"missed":0,"remaining":3,"revenue":6000,"sold":3,"unavailable":0}}
R1_ACTION {"action":"close","ok":true,"phase":"closing","report":{"cash":55000,"cost":2500,"investment":6000,"margin":3500,"missed":0,"remaining":3,"revenue":6000,"sold":3,"unavailable":0}}
R1_ACTION {"action":"finalize","ok":true,"phase":"report","report":{"cash":55000,"cost":2500,"investment":6000,"margin":3500,"missed":0,"remaining":3,"revenue":6000,"sold":3,"unavailable":0}}
R1_ACTION {"action":"save","ok":true,"phase":"report","report":{"cash":55000,"cost":2500,"investment":6000,"margin":3500,"missed":0,"remaining":3,"revenue":6000,"sold":3,"unavailable":0}}
R1_ACTION {"action":"load","ok":true,"phase":"report","report":{"cash":55000,"cost":2500,"investment":6000,"margin":3500,"missed":0,"remaining":3,"revenue":6000,"sold":3,"unavailable":0}}
R1_ACTION {"action":"reprice","ok":true,"phase":"prep","report":{"cash":55000,"cost":0,"investment":6000,"margin":0,"missed":0,"remaining":3,"revenue":0,"sold":0,"unavailable":0}}
R1_ACTION {"action":"reprice","ok":true,"phase":"prep","report":{"cash":55000,"cost":0,"investment":6000,"margin":0,"missed":0,"remaining":3,"revenue":0,"sold":0,"unavailable":0}}
R1_ACTION {"action":"reprice","ok":true,"phase":"prep","report":{"cash":55000,"cost":0,"investment":6000,"margin":0,"missed":0,"remaining":3,"revenue":0,"sold":0,"unavailable":0}}
R1_ACTION {"action":"open","ok":true,"phase":"open","report":{"cash":55000,"cost":0,"investment":6000,"margin":0,"missed":0,"remaining":3,"revenue":0,"sold":0,"unavailable":0}}
R1_ACTION {"action":"sale","ok":true,"phase":"open","report":{"cash":57000,"cost":800,"investment":6000,"margin":1200,"missed":0,"remaining":2,"revenue":2000,"sold":1,"unavailable":0}}
R1_ACTION {"action":"sale","ok":true,"phase":"open","report":{"cash":59600,"cost":2000,"investment":6000,"margin":2600,"missed":0,"remaining":1,"revenue":4600,"sold":2,"unavailable":0}}
R1_ACTION {"action":"inspect","ok":true,"phase":"open","report":{"cash":59600,"cost":2000,"investment":6000,"margin":2600,"missed":0,"remaining":1,"revenue":4600,"sold":2,"unavailable":0}}
R1_ACTION {"action":"sale","ok":true,"phase":"open","report":{"cash":60200,"cost":2500,"investment":6000,"margin":3500,"missed":0,"remaining":1,"revenue":6000,"sold":3,"unavailable":1}}
R1_ACTION {"action":"close","ok":true,"phase":"closing","report":{"cash":60200,"cost":2500,"investment":6000,"margin":3500,"missed":0,"remaining":1,"revenue":6000,"sold":3,"unavailable":1}}
R1_ACTION {"action":"finalize","ok":true,"phase":"report","report":{"cash":60200,"cost":2500,"investment":6000,"margin":3500,"missed":0,"remaining":1,"revenue":6000,"sold":3,"unavailable":1}}
R1_ACTION {"action":"save","ok":true,"phase":"report","report":{"cash":60200,"cost":2500,"investment":6000,"margin":3500,"missed":0,"remaining":1,"revenue":6000,"sold":3,"unavailable":1}}
R1_ACTION {"action":"load","ok":true,"phase":"report","report":{"cash":60200,"cost":2500,"investment":6000,"margin":3500,"missed":0,"remaining":1,"revenue":6000,"sold":3,"unavailable":1}}
SCRIPT ERROR: Invalid access of index '0' on a base object of type: 'Array'.
          at: order_control (res://scripts/test_week_scene.gd:53)
          GDScript backtrace (most recent call first):
              [0] order_control (res://scripts/test_week_scene.gd:53)
              [1] frames (res://scripts/test_encounter.gd:8)
SCRIPT ERROR: Out of bounds get index '0' (on base: 'Array')
          at: named (res://scripts/test_week_scene.gd:34)
          GDScript backtrace (most recent call first):
              [0] named (res://scripts/test_week_scene.gd:34)
              [1] label_week (res://scripts/test_week_scene.gd:49)
              [2] frames (res://scripts/test_encounter.gd:8)
SCRIPT ERROR: Invalid call. Nonexistent function 'get_viewport' in base 'Nil'.
          at: press (res://scripts/test_assortment_scene.gd:46)
          GDScript backtrace (most recent call first):
              [0] press (res://scripts/test_assortment_scene.gd:46)
              [1] label_week (res://scripts/test_week_scene.gd:49)
              [2] frames (res://scripts/test_encounter.gd:8)
R5_TIMEOUT {"carried":"","cash":60200,"clock":0.0,"customers":{},"daily_content":{"1":{"buyer:1790121500.4878-209501:1:1":{"accept_used":false,"appearance":0,"arrival":0.0,"budget":2200,"name":"Alex","product":"curb"},"buyer:1790121500.4878-209501:1:2":{"accept_used":false,"appearance":1,"arrival":18.0,"budget":2860,"name":"Blair","product":"tide"},"buyer:1790121500.4878-209501:1:3":{"accept_used":false,"appearance":2,"arrival":36.0,"budget":1540,"name":"Casey","product":"orbit"}},"2":{"buyer:1790121500.4878-209501:2:1":{"accept_used":false,"appearance":0,"arrival":0.0,"budget":2200,"name":"Alex","product":"curb"},"buyer:1790121500.4878-209501:2:2":{"accept_used":false,"appearance":1,"arrival":18.0,"budget":2860,"name":"Blair","product":"tide"},"buyer:1790121500.4878-209501:2:3":{"accept_used":false,"appearance":2,"arrival":36.0,"budget":1540,"name":"Casey","product":"orbit"},"buyer:1790121500.4878-209501:2:4":{"accept_used":true,"appearance":3,"arrival":54.0,"budget":2340,"name":"Devon","product":"tide"}}},"day":3,"decisions":[{"budget":2200,"customer":"buyer:1790121500.4878-209501:1:1","day":1,"item":"case-01","offer":2000,"outcome":"buy","product":"curb"},{"budget":2860,"customer":"buyer:1790121500.4878-209501:1:2","day":1,"item":"case-02","offer":2600,"outcome":"buy","product":"tide"},{"budget":1540,"customer":"buyer:1790121500.4878-209501:1:3","day":1,"item":"case-03","offer":1400,"outcome":"buy","product":"orbit"},{"budget":2200,"customer":"buyer:1790121500.4878-209501:2:1","day":2,"item":"case-04","offer":2000,"outcome":"buy","product":"curb"},{"budget":2860,"customer":"buyer:1790121500.4878-209501:2:2","day":2,"item":"case-05","offer":2600,"outcome":"buy","product":"tide"},{"budget":1540,"customer":"buyer:1790121500.4878-209501:2:3","day":2,"item":"case-06","offer":1400,"outcome":"buy","product":"orbit"},{"budget":2340,"customer":"buyer:1790121500.4878-209501:2:4","day":2,"item":"","offer":0,"outcome":"unavailable","product":"tide"}],"employment":[{"day":3,"kind":"hire","staff":"morgan"}],"events":[{"amount":6000,"day":1,"id":"fixture:1790121500.4878-209501:rack-0002","kind":"fixture_purchase","reference":"rack-0002","seq":1,"status":"paid"},{"amount":2000,"day":1,"id":"sale:1790121500.4878-209501:1:buyer:1790121500.4878-209501:1:1","kind":"sale","reference":"case-01","seq":2,"status":"paid"},{"amount":2600,"day":1,"id":"sale:1790121500.4878-209501:1:buyer:1790121500.4878-209501:1:2","kind":"sale","reference":"case-02","seq":3,"status":"paid"},{"amount":1400,"day":1,"id":"sale:1790121500.4878-209501:1:buyer:1790121500.4878-209501:1:3","kind":"sale","reference":"case-03","seq":4,"status":"paid"},{"amount":2000,"day":2,"id":"sale:1790121500.4878-209501:2:buyer:1790121500.4878-209501:2:1","kind":"sale","reference":"case-04","seq":5,"status":"paid"},{"amount":2600,"day":2,"id":"sale:1790121500.4878-209501:2:buyer:1790121500.4878-209501:2:2","kind":"sale","reference":"case-05","seq":6,"status":"paid"},{"amount":800,"day":2,"id":"trade:1790121500.4878-209501:2:1","kind":"used_purchase","reference":"seller:1790121500.4878-209501:2:1","seq":7,"status":"paid"},{"amount":1400,"day":2,"id":"sale:1790121500.4878-209501:2:buyer:1790121500.4878-209501:2:3","kind":"sale","reference":"case-06","seq":8,"status":"paid"}],"fixture_events":[{"amount":6000,"day":1,"fixture_id":"rack-0002","id":"fixture:1790121500.4878-209501:rack-0002","kind":"fixture_purchase","seq":1}],"fulfilled_requests":{"1790121500.4878-209501:319109:1":{"fixture_id":"rack-0002","operation":"buy","revision":1}},"items":{"case-01":{"acquisition_id":"starter:1790121500.4878-209501","acquisition_seq":1,"available_day":1,"condition":"new","cost":800,"fixture_id":null,"kind":"new","location":"sold","owner":"","price":2000,"product":"curb","slot_index":null},"case-02":{"acquisition_id":"starter:1790121500.4878-209501","acquisition_seq":2,"available_day":1,"condition":"new","cost":1200,"fixture_id":null,"kind":"new","location":"sold","owner":"","price":2600,"product":"tide","slot_index":null},"case-03":{"acquisition_id":"starter:1790121500.4878-209501","acquisition_seq":3,"available_day":1,"condition":"new","cost":500,"fixture_id":null,"kind":"new","location":"sold","owner":"","price":1400,"product":"orbit","slot_index":null},"case-04":{"acquisition_id":"starter:1790121500.4878-209501","acquisition_seq":4,"available_day":1,"condition":"new","cost":800,"fixture_id":null,"kind":"new","location":"sold","owner":"","price":2000,"product":"curb","slot_index":null},"case-05":{"acquisition_id":"starter:1790121500.4878-209501","acquisition_seq":5,"available_day":1,"condition":"new","cost":1200,"fixture_id":null,"kind":"new","location":"sold","owner":"","price":2600,"product":"tide","slot_index":null},"case-06":{"acquisition_id":"starter:1790121500.4878-209501","acquisition_seq":6,"available_day":1,"condition":"new","cost":500,"fixture_id":null,"kind":"new","location":"sold","owner":"","price":1400,"product":"orbit","slot_index":null},"used:1790121500.4878-209501:2:1":{"acquisition_id":"trade:1790121500.4878-209501:2:1","acquisition_seq":700,"available_day":3,"condition":"good","cost":800,"fixture_id":null,"kind":"used","location":"backroom","owner":"","price":0,"product":"curb","slot_index":null}},"jobs":[{"actor":"player","copy":"case-01","customer":"","day":1,"fixture":"rack-0001","id":"job:1790121500.4878-209501:1","kind":"stock","reason":"","received":true,"revision":1,"slot":0,"status":"committed"},{"actor":"player","copy":"case-04","customer":"","day":1,"fixture":"rack-0001","id":"job:1790121500.4878-209501:2","kind":"stock","reason":"","received":true,"revision":1,"slot":1,"status":"committed"},{"actor":"player","copy":"case-02","customer":"","day":1,"fixture":"rack-0001","id":"job:1790121500.4878-209501:3","kind":"stock","reason":"","received":true,"revision":1,"slot":2,"status":"committed"},{"actor":"player","copy":"case-05","customer":"","day":1,"fixture":"rack-0001","id":"job:1790121500.4878-209501:4","kind":"stock","reason":"","received":true,"revision":1,"slot":3,"status":"committed"},{"actor":"player","copy":"case-03","customer":"","day":1,"fixture":"rack-0002","id":"job:1790121500.4878-209501:5","kind":"stock","reason":"","received":true,"revision":1,"slot":0,"status":"committed"},{"actor":"player","copy":"case-06","customer":"","day":1,"fixture":"rack-0002","id":"job:1790121500.4878-209501:6","kind":"stock","reason":"","received":true,"revision":1,"slot":1,"status":"committed"},{"actor":"player","copy":"case-01","customer":"buyer:1790121500.4878-209501:1:1","day":1,"fixture":"checkout-01","id":"job:1790121500.4878-209501:7","kind":"sale","reason":"","received":false,"revision":1,"slot":-1,"status":"committed"},{"actor":"player","copy":"case-02","customer":"buyer:1790121500.4878-209501:1:2","day":1,"fixture":"checkout-01","id":"job:1790121500.4878-209501:8","kind":"sale","reason":"","received":false,"revision":1,"slot":-1,"status":"committed"},{"actor":"player","copy":"case-03","customer":"buyer:1790121500.4878-209501:1:3","day":1,"fixture":"checkout-01","id":"job:1790121500.4878-209501:9","kind":"sale","reason":"","received":false,"revision":1,"slot":-1,"status":"committed"},{"actor":"player","copy":"case-04","customer":"buyer:1790121500.4878-209501:2:1","day":2,"fixture":"checkout-01","id":"job:1790121500.4878-209501:10","kind":"sale","reason":"","received":false,"revision":1,"slot":-1,"status":"committed"},{"actor":"player","copy":"case-05","customer":"buyer:1790121500.4878-209501:2:2","day":2,"fixture":"checkout-01","id":"job:1790121500.4878-209501:11","kind":"sale","reason":"","received":false,"revision":1,"slot":-1,"status":"committed"},{"actor":"player","copy":"case-06","customer":"buyer:1790121500.4878-209501:2:3","day":2,"fixture":"checkout-01","id":"job:1790121500.4878-209501:12","kind":"sale","reason":"","received":false,"revision":1,"slot":-1,"status":"committed"}],"layout":{"fixtures":{"checkout-01":{"origin":[690,470],"type":"counter"},"rack-0001":{"origin":[440,330],"type":"rack"},"rack-0002":{"origin":[400,430],"type":"rack"},"receiving-01":{"origin":[270,430],"type":"receiving"}},"space_level":0},"layout_revision":1,"next_event_seq":9,"next_fixture_id":3,"next_job":13,"opening_cash":55000,"orders":[],"phase":"prep","queue":[],"received":true,"ruleset_id":"b6-retail-1","run_id":"1790121500.4878-209501","sales":[{"cost":800,"customer":"buyer:1790121500.4878-209501:1:1","day":1,"event_id":"sale:1790121500.4878-209501:1:buyer:1790121500.4878-209501:1:1","item":"case-01","price":2000,"product":"curb"},{"cost":1200,"customer":"buyer:1790121500.4878-209501:1:2","day":1,"event_id":"sale:1790121500.4878-209501:1:buyer:1790121500.4878-209501:1:2","item":"case-02","price":2600,"product":"tide"},{"cost":500,"customer":"buyer:1790121500.4878-209501:1:3","day":1,"event_id":"sale:1790121500.4878-209501:1:buyer:1790121500.4878-209501:1:3","item":"case-03","price":1400,"product":"orbit"},{"cost":800,"customer":"buyer:1790121500.4878-209501:2:1","day":2,"event_id":"sale:1790121500.4878-209501:2:buyer:1790121500.4878-209501:2:1","item":"case-04","price":2000,"product":"curb"},{"cost":1200,"customer":"buyer:1790121500.4878-209501:2:2","day":2,"event_id":"sale:1790121500.4878-209501:2:buyer:1790121500.4878-209501:2:2","item":"case-05","price":2600,"product":"tide"},{"cost":500,"customer":"buyer:1790121500.4878-209501:2:3","day":2,"event_id":"sale:1790121500.4878-209501:2:buyer:1790121500.4878-209501:2:3","item":"case-06","price":1400,"product":"orbit"}],"sellers":[{"accepted":800,"asking":1100,"condition":"good","day":2,"floor":800,"id":"seller:1790121500.4878-209501:2:1","inspected":true,"motion":"gone","offers":[100,800],"position":[210.0,580.0],"product":"curb","resale":1600,"revision":4,"status":"completed"}],"settlements":[{"day":1,"end_seq":4,"id":"finalize:1790121500.4878-209501:1","report":{"cash":55000,"cost_of_sales":2500,"incurred_overhead":0,"inventory_cost":2500,"inventory_purchases":0,"investment":6000,"margin":3500,"opening_cash":55000,"operating_result":3500,"paid_overhead":0,"receipts":6000,"unpaid_liabilities":0},"start_seq":5},{"day":2,"end_seq":8,"id":"finalize:1790121500.4878-209501:2","report":{"cash":60200,"cost_of_sales":2500,"incurred_overhead":0,"inventory_cost":800,"inventory_purchases":800,"investment":0,"margin":3500,"opening_cash":55000,"operating_result":3500,"paid_overhead":0,"receipts":6000,"unpaid_liabilities":0},"start_seq":9}],"staff":{"jules":{"employed":false,"role":"unassigned"},"morgan":{"employed":true,"role":"stocking"}},"terminal":null,"version":10,"wage_commitments":[{"amount":1200,"day":3,"id":"wage:1790121500.4878-209501:3:morgan","staff_id":"morgan"}]}
ERROR: workers stock released and mixed copies
   at: push_error (core/variant/variant_utility.cpp:1024)
   GDScript backtrace (most recent call first):
       [0] check (res://scripts/test_week_scene.gd:12)
       [1] run (res://scripts/test_week_scene.gd:130)
       [2] wait_until (res://scripts/test_assortment_scene.gd:23)
WARNING: ObjectDB instances leaked at exit (run with --verbose for details).
     at: cleanup (core/object/object.cpp:2641)
