Godot Engine v4.6.2.stable.official.71f334935 - https://godotengine.org
OpenGL API 4.1 Metal - 91.7 - Compatibility - Using Device: Apple - Apple M3 Pro

R1_DISPLAY {"canvas_scale":"(1.0, 1.0)","screen_scale":2.0,"viewport":"(1280.0, 720.0)","window":"(1280, 720)"}
R1_ACTION {"action":"receive","ok":true,"phase":"prep","report":{"cash":55000,"cost":0,"investment":0,"margin":0,"missed":0,"remaining":6,"revenue":0,"sold":0,"unavailable":0}}
R1_ACTION {"action":"load","ok":true,"phase":"prep","report":{"cash":34000,"cost":0,"investment":6000,"margin":0,"missed":0,"remaining":6,"revenue":0,"sold":0,"unavailable":0}}
R1_ACTION {"action":"receive","ok":true,"phase":"prep","report":{"cash":34000,"cost":0,"investment":6000,"margin":0,"missed":0,"remaining":24,"revenue":0,"sold":0,"unavailable":0}}
R1_ACTION {"action":"open","ok":true,"phase":"open","report":{"cash":34000,"cost":0,"investment":6000,"margin":0,"missed":0,"remaining":24,"revenue":0,"sold":0,"unavailable":0}}
R1_ACTION {"action":"close","ok":true,"phase":"closing","report":{"cash":34000,"cost":0,"investment":6000,"margin":0,"missed":0,"remaining":24,"revenue":0,"sold":0,"unavailable":3}}
R1_ACTION {"action":"finalize","ok":true,"phase":"report","report":{"cash":34000,"cost":0,"investment":6000,"margin":0,"missed":0,"remaining":24,"revenue":0,"sold":0,"unavailable":3}}
R1_ACTION {"action":"load","ok":true,"phase":"prep","report":{"cash":19000,"cost":0,"investment":6000,"margin":0,"missed":0,"remaining":24,"revenue":0,"sold":0,"unavailable":0}}
R1_ACTION {"action":"receive","ok":true,"phase":"prep","report":{"cash":19000,"cost":0,"investment":6000,"margin":0,"missed":0,"remaining":42,"revenue":0,"sold":0,"unavailable":0}}
R1_ACTION {"action":"open","ok":true,"phase":"open","report":{"cash":19000,"cost":0,"investment":6000,"margin":0,"missed":0,"remaining":42,"revenue":0,"sold":0,"unavailable":0}}
R1_ACTION {"action":"inspect","ok":true,"phase":"open","report":{"cash":19000,"cost":0,"investment":6000,"margin":0,"missed":0,"remaining":42,"revenue":0,"sold":0,"unavailable":3}}
R1_ACTION {"action":"close","ok":true,"phase":"closing","report":{"cash":19000,"cost":0,"investment":6000,"margin":0,"missed":0,"remaining":42,"revenue":0,"sold":0,"unavailable":4}}
R1_ACTION {"action":"finalize","ok":true,"phase":"report","report":{"cash":19000,"cost":0,"investment":6000,"margin":0,"missed":0,"remaining":42,"revenue":0,"sold":0,"unavailable":4}}
R1_ACTION {"action":"open","ok":true,"phase":"open","report":{"cash":19000,"cost":0,"investment":6000,"margin":0,"missed":0,"remaining":42,"revenue":0,"sold":0,"unavailable":0}}
R1_ACTION {"action":"inspect","ok":true,"phase":"open","report":{"cash":19000,"cost":0,"investment":6000,"margin":0,"missed":0,"remaining":42,"revenue":0,"sold":0,"unavailable":3}}
R1_ACTION {"action":"close","ok":true,"phase":"closing","report":{"cash":19000,"cost":0,"investment":6000,"margin":0,"missed":0,"remaining":42,"revenue":0,"sold":0,"unavailable":5}}
R1_ACTION {"action":"finalize","ok":true,"phase":"report","report":{"cash":16600,"cost":0,"investment":6000,"margin":0,"missed":0,"remaining":42,"revenue":0,"sold":0,"unavailable":5}}
R1_ACTION {"action":"load","ok":true,"phase":"report","report":{"cash":16600,"cost":0,"investment":6000,"margin":0,"missed":0,"remaining":42,"revenue":0,"sold":0,"unavailable":5}}
R1_ACTION {"action":"open","ok":true,"phase":"open","report":{"cash":16600,"cost":0,"investment":6000,"margin":0,"missed":0,"remaining":42,"revenue":0,"sold":0,"unavailable":0}}
R1_ACTION {"action":"inspect","ok":true,"phase":"open","report":{"cash":16600,"cost":0,"investment":6000,"margin":0,"missed":0,"remaining":42,"revenue":0,"sold":0,"unavailable":3}}
R1_ACTION {"action":"close","ok":true,"phase":"closing","report":{"cash":16600,"cost":0,"investment":6000,"margin":0,"missed":0,"remaining":42,"revenue":0,"sold":0,"unavailable":6}}
R1_ACTION {"action":"finalize","ok":true,"phase":"report","report":{"cash":14200,"cost":0,"investment":6000,"margin":0,"missed":0,"remaining":42,"revenue":0,"sold":0,"unavailable":6}}
R1_ACTION {"action":"open","ok":true,"phase":"open","report":{"cash":14200,"cost":0,"investment":6000,"margin":0,"missed":0,"remaining":42,"revenue":0,"sold":0,"unavailable":0}}
R1_ACTION {"action":"inspect","ok":true,"phase":"open","report":{"cash":14200,"cost":0,"investment":6000,"margin":0,"missed":0,"remaining":42,"revenue":0,"sold":0,"unavailable":3}}
R1_ACTION {"action":"close","ok":true,"phase":"closing","report":{"cash":14200,"cost":0,"investment":6000,"margin":0,"missed":0,"remaining":42,"revenue":0,"sold":0,"unavailable":7}}
R1_ACTION {"action":"finalize","ok":true,"phase":"report","report":{"cash":11800,"cost":0,"investment":6000,"margin":0,"missed":0,"remaining":42,"revenue":0,"sold":0,"unavailable":7}}
R1_ACTION {"action":"open","ok":true,"phase":"open","report":{"cash":11800,"cost":0,"investment":6000,"margin":0,"missed":0,"remaining":42,"revenue":0,"sold":0,"unavailable":0}}
R1_ACTION {"action":"inspect","ok":true,"phase":"open","report":{"cash":11800,"cost":0,"investment":6000,"margin":0,"missed":0,"remaining":42,"revenue":0,"sold":0,"unavailable":3}}
R1_ACTION {"action":"close","ok":true,"phase":"closing","report":{"cash":11800,"cost":0,"investment":6000,"margin":0,"missed":0,"remaining":42,"revenue":0,"sold":0,"unavailable":8}}
R1_ACTION {"action":"finalize","ok":true,"phase":"report","report":{"cash":9400,"cost":0,"investment":6000,"margin":0,"missed":0,"remaining":42,"revenue":0,"sold":0,"unavailable":8}}
R1_ACTION {"action":"open","ok":true,"phase":"open","report":{"cash":9400,"cost":0,"investment":6000,"margin":0,"missed":0,"remaining":42,"revenue":0,"sold":0,"unavailable":0}}
R1_ACTION {"action":"inspect","ok":true,"phase":"open","report":{"cash":9400,"cost":0,"investment":6000,"margin":0,"missed":0,"remaining":42,"revenue":0,"sold":0,"unavailable":3}}
R1_ACTION {"action":"close","ok":true,"phase":"closing","report":{"cash":9400,"cost":0,"investment":6000,"margin":0,"missed":0,"remaining":42,"revenue":0,"sold":0,"unavailable":8}}
R1_ACTION {"action":"finalize","ok":true,"phase":"bankrupt","report":{"cash":7000,"cost":0,"investment":6000,"margin":0,"missed":0,"remaining":42,"revenue":0,"sold":0,"unavailable":8}}
B8_SCENE bankruptcy 7000
