Godot Engine v4.6.2.stable.official.71f334935 - https://godotengine.org
OpenGL API 4.1 Metal - 91.7 - Compatibility - Using Device: Apple - Apple M3 Pro

R1_DISPLAY {"canvas_scale":"(1.0, 1.0)","screen_scale":2.0,"viewport":"(1280.0, 720.0)","window":"(1280, 720)"}
R1_ACTION {"action":"receive","ok":true,"phase":"prep","report":{"cash":55000,"cost":0,"investment":0,"margin":0,"missed":0,"remaining":6,"revenue":0,"sold":0,"unavailable":0}}
ERROR: Attempting to make child window exclusive, but the parent window already has another exclusive child. This window: /root/MotionProof/@CanvasLayer@296/@AcceptDialog@440, parent window: /root, current exclusive child window: /root/MotionProof/@CanvasLayer@296/@AcceptDialog@433
   at: _set_transient_exclusive_child (scene/main/window.cpp:1090)
   GDScript backtrace (most recent call first):
       [0] show_finance_details (res://main.gd:248)
       [1] <anonymous lambda> (res://main.gd:240)
       [2] press (res://scripts/test_week_scene.gd:174)
       [3] run (res://scripts/clarity_capture.gd:25)
       [4] snap (res://scripts/clarity_capture.gd:14)
       [5] frames (res://scripts/test_encounter.gd:8)
R1_ACTION {"action":"reprice","ok":true,"phase":"prep","report":{"cash":55000,"cost":0,"investment":0,"margin":0,"missed":0,"remaining":6,"revenue":0,"sold":0,"unavailable":0}}
R1_ACTION {"action":"reprice","ok":true,"phase":"prep","report":{"cash":55000,"cost":0,"investment":0,"margin":0,"missed":0,"remaining":6,"revenue":0,"sold":0,"unavailable":0}}
R1_ACTION {"action":"reprice","ok":true,"phase":"prep","report":{"cash":55000,"cost":0,"investment":0,"margin":0,"missed":0,"remaining":6,"revenue":0,"sold":0,"unavailable":0}}
R1_ACTION {"action":"stock","ok":true,"phase":"prep","report":{"cash":55000,"cost":0,"investment":0,"margin":0,"missed":0,"remaining":6,"revenue":0,"sold":0,"unavailable":0}}
R1_ACTION {"action":"stock","ok":true,"phase":"prep","report":{"cash":55000,"cost":0,"investment":0,"margin":0,"missed":0,"remaining":6,"revenue":0,"sold":0,"unavailable":0}}
R1_ACTION {"action":"stock","ok":true,"phase":"prep","report":{"cash":55000,"cost":0,"investment":0,"margin":0,"missed":0,"remaining":6,"revenue":0,"sold":0,"unavailable":0}}
R1_ACTION {"action":"open","ok":true,"phase":"open","report":{"cash":55000,"cost":0,"investment":0,"margin":0,"missed":0,"remaining":6,"revenue":0,"sold":0,"unavailable":0}}
R1_ACTION {"action":"close","ok":true,"phase":"closing","report":{"cash":55000,"cost":0,"investment":0,"margin":0,"missed":0,"remaining":6,"revenue":0,"sold":0,"unavailable":0}}
R1_ACTION {"action":"sale","ok":true,"phase":"closing","report":{"cash":57000,"cost":800,"investment":0,"margin":1200,"missed":0,"remaining":5,"revenue":2000,"sold":1,"unavailable":0}}
R1_ACTION {"action":"finalize","ok":true,"phase":"report","report":{"cash":57000,"cost":800,"investment":0,"margin":1200,"missed":0,"remaining":5,"revenue":2000,"sold":1,"unavailable":0}}
STORAGE_FAILURE {"attempt":1,"code":7,"operation":"save","stage":"open_temporary"}
STORAGE_FAILURE {"attempt":2,"code":7,"operation":"save","stage":"open_temporary"}
STORAGE_FAILURE {"attempt":3,"code":7,"operation":"save","stage":"open_temporary"}
STORAGE_FAILURE {"attempt":4,"code":7,"operation":"save","stage":"open_temporary"}
STORAGE_FAILURE {"attempt":5,"code":7,"operation":"save","stage":"open_temporary"}
STORAGE_FAILURE {"attempt":6,"code":7,"operation":"save","stage":"open_temporary"}
STORAGE_FAILURE {"attempt":7,"code":7,"operation":"save","stage":"open_temporary"}
STORAGE_FAILURE {"attempt":8,"code":7,"operation":"save","stage":"open_temporary"}
STORAGE_FAILURE {"attempt":9,"code":7,"operation":"save","stage":"open_temporary"}
STORAGE_FAILURE {"attempt":10,"code":7,"operation":"save","stage":"open_temporary"}
STORAGE_FAILURE {"attempt":11,"code":7,"operation":"save","stage":"open_temporary"}
STORAGE_FAILURE {"attempt":12,"code":7,"operation":"save","stage":"open_temporary"}
STORAGE_FAILURE {"attempt":13,"code":7,"operation":"save","stage":"open_temporary"}
ERROR: keyboard focus available
   at: push_error (core/variant/variant_utility.cpp:1024)
   GDScript backtrace (most recent call first):
       [0] check (res://scripts/test_week_scene.gd:13)
       [1] run (res://scripts/clarity_capture.gd:44)
       [2] key (res://scripts/test_encounter.gd:17)
       [3] frames (res://scripts/test_encounter.gd:8)
WARNING: ObjectDB instances leaked at exit (run with --verbose for details).
     at: cleanup (core/object/object.cpp:2641)
