Godot Engine v4.6.2.stable.official.71f334935 - https://godotengine.org

[   0% ] [90m[1mfirst_scan_filesystem[22m | Started Project initialization (5 steps)[39m[0m
[   0% ] [90m[1mfirst_scan_filesystem[22m | Scanning file structure...[39m[0m
[  16% ] [90m[1mfirst_scan_filesystem[22m | Loading global class names...[39m[0m
[  33% ] [90m[1mfirst_scan_filesystem[22m | Verifying GDExtensions...[39m[0m
[  50% ] [90m[1mfirst_scan_filesystem[22m | Creating autoload scripts...[39m[0m
[  66% ] [90m[1mfirst_scan_filesystem[22m | Initializing plugins...[39m[0m
[  83% ] [90m[1mfirst_scan_filesystem[22m | Starting file scan...[39m[0m
[92m[ DONE ][39m [1mfirst_scan_filesystem[22m
[0m
[   0% ] [90m[1mupdate_scripts_classes[22m | Started Registering global classes... (5 steps)[39m[0m
[   0% ] [90m[1mupdate_scripts_classes[22m | [39m[0m
[  16% ] [90m[1mupdate_scripts_classes[22m | [39m[0m
[  33% ] [90m[1mupdate_scripts_classes[22m | [39m[0m
[  50% ] [90m[1mupdate_scripts_classes[22m | [39m[0m
[  66% ] [90m[1mupdate_scripts_classes[22m | [39m[0m
[92m[ DONE ][39m [1mupdate_scripts_classes[22m
[0m
[   0% ] [90m[1m_update_scan_actions[22m | Started Scanning actions... (28 steps)[39m[0m
[   0% ] [90m[1m_update_scan_actions[22m | case.png[39m[0m
[   3% ] [90m[1m_update_scan_actions[22m | counter.png[39m[0m
[   6% ] [90m[1m_update_scan_actions[22m | retail-shelf-empty.png[39m[0m
[  10% ] [90m[1m_update_scan_actions[22m | shipment.png[39m[0m
[  13% ] [90m[1m_update_scan_actions[22m | capture-00000.png[39m[0m
[  17% ] [90m[1m_update_scan_actions[22m | capture-01120.png[39m[0m
[  20% ] [90m[1m_update_scan_actions[22m | case-roundtrip.png[39m[0m
[  24% ] [90m[1m_update_scan_actions[22m | counter-roundtrip.png[39m[0m
[  27% ] [90m[1m_update_scan_actions[22m | fresh-normal.png[39m[0m
[  31% ] [90m[1m_update_scan_actions[22m | fresh-retina.png[39m[0m
[  34% ] [90m[1m_update_scan_actions[22m | overlap-630-320-normal.png[39m[0m
[  37% ] [90m[1m_update_scan_actions[22m | overlap-630-320-retina.png[39m[0m
[  41% ] [90m[1m_update_scan_actions[22m | overlap-630-440-normal.png[39m[0m
[  44% ] [90m[1m_update_scan_actions[22m | overlap-630-440-retina.png[39m[0m
[  48% ] [90m[1m_update_scan_actions[22m | overlap-790-430-normal.png[39m[0m
[  51% ] [90m[1m_update_scan_actions[22m | overlap-790-430-retina.png[39m[0m
[  55% ] [90m[1m_update_scan_actions[22m | overlap-790-590-normal.png[39m[0m
[  58% ] [90m[1m_update_scan_actions[22m | overlap-790-590-retina.png[39m[0m
[  62% ] [90m[1m_update_scan_actions[22m | pricing-normal.png[39m[0m
[  65% ] [90m[1m_update_scan_actions[22m | pricing-retina.png[39m[0m
[  68% ] [90m[1m_update_scan_actions[22m | queued-normal.png[39m[0m
[  72% ] [90m[1m_update_scan_actions[22m | queued-retina.png[39m[0m
[  75% ] [90m[1m_update_scan_actions[22m | report-normal.png[39m[0m
[  79% ] [90m[1m_update_scan_actions[22m | report-retina.png[39m[0m
[  82% ] [90m[1m_update_scan_actions[22m | retail-shelf-empty-roundtrip.png[39m[0m
[  86% ] [90m[1m_update_scan_actions[22m | shipment-roundtrip.png[39m[0m
[  89% ] [90m[1m_update_scan_actions[22m | stocked-normal.png[39m[0m
[  93% ] [90m[1m_update_scan_actions[22m | stocked-retina.png[39m[0m
[92m[ DONE ][39m [1m_update_scan_actions[22m
[0m
[   0% ] [90m[1mreimport[22m | Started (Re)Importing Assets (24 steps)[39m[0m
[   0% ] [90m[1mreimport[22m | Preparing files to reimport...[39m[0m
[   4% ] [90m[1mreimport[22m | Preparing files to reimport...[39m[0m
[   8% ] [90m[1mreimport[22m | Preparing files to reimport...[39m[0m
[  12% ] [90m[1mreimport[22m | Preparing files to reimport...[39m[0m
[  16% ] [90m[1mreimport[22m | Preparing files to reimport...[39m[0m
[  20% ] [90m[1mreimport[22m | Preparing files to reimport...[39m[0m
[  24% ] [90m[1mreimport[22m | Preparing files to reimport...[39m[0m
[  28% ] [90m[1mreimport[22m | Preparing files to reimport...[39m[0m
[  32% ] [90m[1mreimport[22m | Preparing files to reimport...[39m[0m
[  36% ] [90m[1mreimport[22m | Preparing files to reimport...[39m[0m
[  40% ] [90m[1mreimport[22m | Preparing files to reimport...[39m[0m
[  44% ] [90m[1mreimport[22m | Preparing files to reimport...[39m[0m
[  48% ] [90m[1mreimport[22m | Preparing files to reimport...[39m[0m
[  52% ] [90m[1mreimport[22m | Preparing files to reimport...[39m[0m
[  56% ] [90m[1mreimport[22m | Preparing files to reimport...[39m[0m
[  60% ] [90m[1mreimport[22m | Preparing files to reimport...[39m[0m
[  64% ] [90m[1mreimport[22m | Preparing files to reimport...[39m[0m
[  68% ] [90m[1mreimport[22m | Preparing files to reimport...[39m[0m
[  72% ] [90m[1mreimport[22m | Preparing files to reimport...[39m[0m
[  76% ] [90m[1mreimport[22m | Preparing files to reimport...[39m[0m
[  80% ] [90m[1mreimport[22m | Preparing files to reimport...[39m[0m
[  84% ] [90m[1mreimport[22m | Preparing files to reimport...[39m[0m
[  88% ] [90m[1mreimport[22m | Preparing files to reimport...[39m[0m
[  92% ] [90m[1mreimport[22m | Preparing files to reimport...[39m[0m
[   0% ] [90m[1mreimport[22m | Executing pre-reimport operations...[39m[0m
[   0% ] [90m[1mreimport[22m | stocked-retina.png[39m[0m
[   4% ] [90m[1mreimport[22m | stocked-normal.png[39m[0m
[   8% ] [90m[1mreimport[22m | shipment-roundtrip.png[39m[0m
[  12% ] [90m[1mreimport[22m | report-retina.png[39m[0m
[  16% ] [90m[1mreimport[22m | report-normal.png[39m[0m
[  20% ] [90m[1mreimport[22m | queued-retina.png[39m[0m
[  24% ] [90m[1mreimport[22m | queued-normal.png[39m[0m
[  28% ] [90m[1mreimport[22m | pricing-retina.png[39m[0m
[  32% ] [90m[1mreimport[22m | pricing-normal.png[39m[0m
[  36% ] [90m[1mreimport[22m | overlap-790-590-retina.png[39m[0m
[  40% ] [90m[1mreimport[22m | overlap-790-590-normal.png[39m[0m
[  44% ] [90m[1mreimport[22m | overlap-790-430-retina.png[39m[0m
[  48% ] [90m[1mreimport[22m | overlap-790-430-normal.png[39m[0m
[  52% ] [90m[1mreimport[22m | overlap-630-440-retina.png[39m[0m
[  56% ] [90m[1mreimport[22m | overlap-630-440-normal.png[39m[0m
[  60% ] [90m[1mreimport[22m | overlap-630-320-retina.png[39m[0m
[  64% ] [90m[1mreimport[22m | overlap-630-320-normal.png[39m[0m
[  68% ] [90m[1mreimport[22m | fresh-retina.png[39m[0m
[  72% ] [90m[1mreimport[22m | fresh-normal.png[39m[0m
[  76% ] [90m[1mreimport[22m | counter-roundtrip.png[39m[0m
[  80% ] [90m[1mreimport[22m | capture-01120.png[39m[0m
[  84% ] [90m[1mreimport[22m | capture-00000.png[39m[0m
[  88% ] [90m[1mreimport[22m | shipment.png[39m[0m
[  92% ] [90m[1mreimport[22m | counter.png[39m[0m
[  96% ] [90m[1mreimport[22m | Finalizing Asset Import...[39m[0m
[92m[ DONE ][39m [1mreimport[22m
[0m
[   0% ] [90m[1mreimport[22m | Started (Re)Importing Assets (24 steps)[39m[0m
[   0% ] [90m[1mreimport[22m | Executing post-reimport operations...[39m[0m
[92m[ DONE ][39m [1mreimport[22m
[0m
[   0% ] [90m[1mloading_editor_layout[22m | Started Loading editor (5 steps)[39m[0m
[   0% ] [90m[1mloading_editor_layout[22m | Loading editor layout...[39m[0m
[  16% ] [90m[1mloading_editor_layout[22m | Loading docks...[39m[0m
[92m[ DONE ][39m [1mloading_editor_layout[22m
[0m
