WorkerThreadPool: 11 threads, 3 max low-priority.
Godot Engine v4.6.2.stable.official.71f334935 - https://godotengine.org
TextServer: Added interface "Dummy"
TextServer: Added interface "ICU / HarfBuzz / Graphite (Built-in)"
Unrecognized output string "misc2" in mapping:
030000007e0500006920000001010000,Nintendo Switch 2 Pro Controller,a:b0,b:b1,back:b14,dpdown:b8,dpleft:b10,dpright:b9,dpup:b11,guide:b16,leftshoulder:b12,leftstick:b15,lefttrigger:b13,leftx:a0,lefty:a1~,misc1:b17,misc2:b20,paddle1:b18,paddle2:b19,rightshoulder:b4,rightstick:b7,righttrigger:b5,rightx:a2,righty:a3~,start:b6,x:b2,y:b3,platform:Mac OS X,
SDL: Init OK!
Accessibility: window 0 adapter created.
Using "default" pen tablet driver...
OpenGL debugging not supported!
Shader 'CanvasSdfShaderGLES3' SHA256: 3fb6e51488e15255f3488f2fe128347cda98f45f36cee02d273f78ed5ed6cf76
Shader 'SkeletonShaderGLES3' SHA256: 80870ff53ea6693390aeaa6d31bc0468f7912b90756b893f1901fece7eff105d
Shader 'ParticlesShaderGLES3' SHA256: 9aabb94f4455df8dd113bf1c8ca2b4603e604c8bd108db7a303ad3292a16b213
Shader 'ParticlesCopyShaderGLES3' SHA256: eb2b070d6ba1be496978aef8a9771195860ffd924ac751bce27e3ceed9a055f1
Shader 'CopyShaderGLES3' SHA256: f7c2baa03fc19b30cdb31f67fc191608542ae788988fde3f762dea6bba92c45d
Shader 'CubemapFilterShaderGLES3' SHA256: 9e0299969caeeb593a05913f22eb4c8b8966661e6005bd6d920cce34652f4d4d
Shader 'GlowShaderGLES3' SHA256: 508152efa0e6b7a16ef2e19ba9c293fff86d2d1eee166228d4c10a55a506f180
Shader 'PostShaderGLES3' SHA256: d6a219f1f0e723734b462d0a56cb61e9ec2e971f41300a5271d09f6fc6fbead0
Shader 'FeedShaderGLES3' SHA256: fbeb16d68cc028298371ad6d63857719fd75733394b398e60419d089253a7dab
Shader 'CanvasShaderGLES3' SHA256: 6b4e9c5e50dc53752295419fa7cce4c66d5fcbc797542e63ebccd53343ba1c9d
Shader 'CanvasOcclusionShaderGLES3' SHA256: e57f7bba11101f89e9bc5a6222f9f2889409fb54f0e7bc331bc08244ebd4c54b
Shader 'SceneShaderGLES3' SHA256: 3c19f9938525b23427321479889b83d696971126744a61062291e6e529213b5f
Shader 'SkyShaderGLES3' SHA256: 4cb15a2e1ccb0466c29f9e6e8b486bfb4d4d068df55c54a4df7f268fe0fd7890
OpenGL API 4.1 Metal - 91.7 - Compatibility - Using Device: Apple - Apple M3 Pro
CoreAudio: detected 2 channels
CoreAudio: output sampling rate: 48000 Hz
CoreAudio: output audio buffer frames: 512 calculated latency: 10ms

TextServer: Primary interface set to: "ICU / HarfBuzz / Graphite (Built-in)".
CORE API HASH: 0
EDITOR API HASH: 0
SceneTreeFTI: traversal method DEFAULT
Loaded system CA certificates
Loading resource: res://.godot/exported/133200997/export-3070c538c03ee49b7677ff960a3f5195-main.scn
Loading resource: res://main.gdc
Loading resource: res://art/retail-context.png
Loading resource: res://.godot/imported/retail-context.png-6c37fcd824aed62a963f6aa95faa4184.ctex
Loading resource: res://art/shipment.png
Loading resource: res://.godot/imported/shipment.png-01526d4a24a6eb88fb74f765b5a64d01.ctex
Loading resource: res://art/counter.png
Loading resource: res://.godot/imported/counter.png-ef1548a4310c100bfa1357562ad30aec.ctex
Loading resource: res://art/retail-shelf-empty.png
Loading resource: res://.godot/imported/retail-shelf-empty.png-3fcbaa26e8cc9019adad05121b15b8a6.ctex
Loading resource: res://art/case.png
Loading resource: res://.godot/imported/case.png-04fafb6f1ab1bc5384e5ef76df1679f1.ctex
Loading resource: res://art/front/far_leg.png
Loading resource: res://.godot/imported/far_leg.png-5c2951e1cc7ef9f5389479568bd1c7ca.ctex
Loading resource: res://art/front/near_leg.png
Loading resource: res://.godot/imported/near_leg.png-6c56ff4d7b69003c222258295d5f5730.ctex
Loading resource: res://art/front/far_arm.png
Loading resource: res://.godot/imported/far_arm.png-3a4a69058bab87eeed6cf3371703596d.ctex
Loading resource: res://art/front/torso.png
Loading resource: res://.godot/imported/torso.png-ae4be31ce2614769f3bf7ddec1a49f83.ctex
Loading resource: res://art/front/head.png
Loading resource: res://.godot/imported/head.png-034efea7e18e4db0c6ec43bcdf9fe153.ctex
Loading resource: res://art/front/near_arm.png
Loading resource: res://.godot/imported/near_arm.png-ab648cfd5e06b4383d10e923285d336d.ctex
Loading resource: res://art/side/far_leg.png
Loading resource: res://.godot/imported/far_leg.png-a41558d337f420bd37229ffdbe8498ff.ctex
Loading resource: res://art/side/near_leg.png
Loading resource: res://.godot/imported/near_leg.png-b6402d390e6a9bcae386f3382e7df670.ctex
Loading resource: res://art/side/far_arm.png
Loading resource: res://.godot/imported/far_arm.png-648114709d7673bddb624a775884b738.ctex
Loading resource: res://art/side/torso.png
Loading resource: res://.godot/imported/torso.png-58874095ccb1837cbd9c85d5fe032e7f.ctex
Loading resource: res://art/side/head.png
Loading resource: res://.godot/imported/head.png-775b23a29d158087c6d5474751d1b98c.ctex
Loading resource: res://art/side/near_arm.png
Loading resource: res://.godot/imported/near_arm.png-f0f2df703eb53619d6e727368d8772a4.ctex
Loading resource: res://art/back/far_leg.png
Loading resource: res://.godot/imported/far_leg.png-bef42da46a49d772238af090eb229f6c.ctex
Loading resource: res://art/back/near_leg.png
Loading resource: res://.godot/imported/near_leg.png-f646ab78b01a810e7736d4cc633f05c3.ctex
Loading resource: res://art/back/far_arm.png
Loading resource: res://.godot/imported/far_arm.png-0871651071d3656bba221958a9e120cc.ctex
Loading resource: res://art/back/torso.png
Loading resource: res://.godot/imported/torso.png-4956f1d05589297d1b67d5d0802c9ca8.ctex
Loading resource: res://art/back/head.png
Loading resource: res://.godot/imported/head.png-58a262691dd9aad5e6603b4d436de350.ctex
Loading resource: res://art/back/near_arm.png
Loading resource: res://.godot/imported/near_arm.png-92fb0a70ca4ed04d1c7046ecff719cb1.ctex
Loading resource: res://art/customer-3-front.png
Loading resource: res://.godot/imported/customer-3-front.png-762c3ab0793ac32f7334799be9cc401c.ctex
Loading resource: res://art/customer-3-side.png
Loading resource: res://.godot/imported/customer-3-side.png-836fc457569744f3ae1e640b6665ea5c.ctex
Loading resource: res://art/customer-3-back.png
Loading resource: res://.godot/imported/customer-3-back.png-9b169bbcf0b63360b4a79a3cd9761d8e.ctex
Loading resource: res://art/customer-4-front.png
Loading resource: res://.godot/imported/customer-4-front.png-633b99d5c5b21a6f133b27435e5a25dd.ctex
Loading resource: res://art/customer-4-side.png
Loading resource: res://.godot/imported/customer-4-side.png-48ccaf0e77508717354d5bf6692b2750.ctex
Loading resource: res://art/customer-4-back.png
Loading resource: res://.godot/imported/customer-4-back.png-11b804f4e7b37a736d2def83a479df35.ctex
Loading resource: res://art/customer-5-front.png
Loading resource: res://.godot/imported/customer-5-front.png-efcadaa3493f6e18a6f63e54fb833879.ctex
Loading resource: res://art/customer-5-side.png
Loading resource: res://.godot/imported/customer-5-side.png-2e110139432287b6d166d39c2116ca03.ctex
Loading resource: res://art/customer-5-back.png
Loading resource: res://.godot/imported/customer-5-back.png-4d4e9473b0bffa268fe473e90b7132fc.ctex
R1_DISPLAY {"canvas_scale":"(2.0, 2.0)","screen_scale":2.0,"viewport":"(1280.0, 720.0)","window":"(2560, 1440)"}
Accessibility: window 0 adapter activated.
Accessibility: window 0 adapter initial update completed.
XR: Clearing primary interface
XR: Removed interface "Native mobile"
XR: Removed interface "OpenXR"
Accessibility: window 0 adapter destroyed.
